Archive member included to satisfy reference by file (symbol)

c:/st/stm32cubeide_1.4.0/stm32cubeide/plugins/com.st.stm32cube.ide.mcu.externaltools.gnu-tools-for-stm32.7-2018-q2-update.win32_1.4.0.202007081208/tools/bin/../lib/gcc/arm-none-eabi/7.3.1/../../../../arm-none-eabi/lib/thumb/v7-m\libc_nano.a(lib_a-errno.o)
                              Core/Src/syscalls.o (__errno)
c:/st/stm32cubeide_1.4.0/stm32cubeide/plugins/com.st.stm32cube.ide.mcu.externaltools.gnu-tools-for-stm32.7-2018-q2-update.win32_1.4.0.202007081208/tools/bin/../lib/gcc/arm-none-eabi/7.3.1/../../../../arm-none-eabi/lib/thumb/v7-m\libc_nano.a(lib_a-exit.o)
                              c:/st/stm32cubeide_1.4.0/stm32cubeide/plugins/com.st.stm32cube.ide.mcu.externaltools.gnu-tools-for-stm32.7-2018-q2-update.win32_1.4.0.202007081208/tools/bin/../lib/gcc/arm-none-eabi/7.3.1/../../../../arm-none-eabi/lib/thumb/v7-m/crt0.o (exit)
c:/st/stm32cubeide_1.4.0/stm32cubeide/plugins/com.st.stm32cube.ide.mcu.externaltools.gnu-tools-for-stm32.7-2018-q2-update.win32_1.4.0.202007081208/tools/bin/../lib/gcc/arm-none-eabi/7.3.1/../../../../arm-none-eabi/lib/thumb/v7-m\libc_nano.a(lib_a-impure.o)
                              c:/st/stm32cubeide_1.4.0/stm32cubeide/plugins/com.st.stm32cube.ide.mcu.externaltools.gnu-tools-for-stm32.7-2018-q2-update.win32_1.4.0.202007081208/tools/bin/../lib/gcc/arm-none-eabi/7.3.1/../../../../arm-none-eabi/lib/thumb/v7-m\libc_nano.a(lib_a-exit.o) (_global_impure_ptr)
c:/st/stm32cubeide_1.4.0/stm32cubeide/plugins/com.st.stm32cube.ide.mcu.externaltools.gnu-tools-for-stm32.7-2018-q2-update.win32_1.4.0.202007081208/tools/bin/../lib/gcc/arm-none-eabi/7.3.1/../../../../arm-none-eabi/lib/thumb/v7-m\libc_nano.a(lib_a-init.o)
                              c:/st/stm32cubeide_1.4.0/stm32cubeide/plugins/com.st.stm32cube.ide.mcu.externaltools.gnu-tools-for-stm32.7-2018-q2-update.win32_1.4.0.202007081208/tools/bin/../lib/gcc/arm-none-eabi/7.3.1/../../../../arm-none-eabi/lib/thumb/v7-m/crt0.o (__libc_init_array)
c:/st/stm32cubeide_1.4.0/stm32cubeide/plugins/com.st.stm32cube.ide.mcu.externaltools.gnu-tools-for-stm32.7-2018-q2-update.win32_1.4.0.202007081208/tools/bin/../lib/gcc/arm-none-eabi/7.3.1/../../../../arm-none-eabi/lib/thumb/v7-m\libc_nano.a(lib_a-memset.o)
                              c:/st/stm32cubeide_1.4.0/stm32cubeide/plugins/com.st.stm32cube.ide.mcu.externaltools.gnu-tools-for-stm32.7-2018-q2-update.win32_1.4.0.202007081208/tools/bin/../lib/gcc/arm-none-eabi/7.3.1/../../../../arm-none-eabi/lib/thumb/v7-m/crt0.o (memset)

Allocating common symbols
Common symbol       size              file

hUsbDeviceFS        0x2c4             USB_DEVICE/App/usb_device.o
buffer_addr         0x4               Core/Src/main.o
copy                0x4               USB_DEVICE/App/usbd_cdc_if.o
buffer_write_addr   0x4               Core/Src/main.o
uwTick              0x4               Drivers/STM32F1xx_HAL_Driver/Src/stm32f1xx_hal.o
memory_mode         0x4               Core/Src/main.o
pFlash              0x20              Drivers/STM32F1xx_HAL_Driver/Src/stm32f1xx_hal_flash.o
UserRxBufferFS      0x3e8             USB_DEVICE/App/usbd_cdc_if.o
mem_buffer          0x200             Core/Src/main.o
UserTxBufferFS      0x3e8             USB_DEVICE/App/usbd_cdc_if.o
addr_write          0x4               Core/Src/main.o
htim1               0x40              Core/Src/main.o
hpcd_USB_FS         0x26c             USB_DEVICE/Target/usbd_conf.o
write_buffer        0x100             Core/Src/main.o
USBD_StrDesc        0x200             USB_DEVICE/App/usbd_desc.o

Discarded input sections

 .text          0x0000000000000000        0x0 c:/st/stm32cubeide_1.4.0/stm32cubeide/plugins/com.st.stm32cube.ide.mcu.externaltools.gnu-tools-for-stm32.7-2018-q2-update.win32_1.4.0.202007081208/tools/bin/../lib/gcc/arm-none-eabi/7.3.1/thumb/v7-m/crti.o
 .data          0x0000000000000000        0x0 c:/st/stm32cubeide_1.4.0/stm32cubeide/plugins/com.st.stm32cube.ide.mcu.externaltools.gnu-tools-for-stm32.7-2018-q2-update.win32_1.4.0.202007081208/tools/bin/../lib/gcc/arm-none-eabi/7.3.1/thumb/v7-m/crti.o
 .bss           0x0000000000000000        0x0 c:/st/stm32cubeide_1.4.0/stm32cubeide/plugins/com.st.stm32cube.ide.mcu.externaltools.gnu-tools-for-stm32.7-2018-q2-update.win32_1.4.0.202007081208/tools/bin/../lib/gcc/arm-none-eabi/7.3.1/thumb/v7-m/crti.o
 .data          0x0000000000000000        0x4 c:/st/stm32cubeide_1.4.0/stm32cubeide/plugins/com.st.stm32cube.ide.mcu.externaltools.gnu-tools-for-stm32.7-2018-q2-update.win32_1.4.0.202007081208/tools/bin/../lib/gcc/arm-none-eabi/7.3.1/thumb/v7-m/crtbegin.o
 .text          0x0000000000000000       0x74 c:/st/stm32cubeide_1.4.0/stm32cubeide/plugins/com.st.stm32cube.ide.mcu.externaltools.gnu-tools-for-stm32.7-2018-q2-update.win32_1.4.0.202007081208/tools/bin/../lib/gcc/arm-none-eabi/7.3.1/../../../../arm-none-eabi/lib/thumb/v7-m/crt0.o
[...]
Memory Configuration

Name             Origin             Length             Attributes
RAM              0x0000000020000000 0x0000000000005000 xrw
FLASH            0x0000000008000000 0x0000000000010000 xr
*default*        0x0000000000000000 0xffffffffffffffff

Linker script and memory map

LOAD c:/st/stm32cubeide_1.4.0/stm32cubeide/plugins/com.st.stm32cube.ide.mcu.externaltools.gnu-tools-for-stm32.7-2018-q2-update.win32_1.4.0.202007081208/tools/bin/../lib/gcc/arm-none-eabi/7.3.1/thumb/v7-m/crti.o
LOAD c:/st/stm32cubeide_1.4.0/stm32cubeide/plugins/com.st.stm32cube.ide.mcu.externaltools.gnu-tools-for-stm32.7-2018-q2-update.win32_1.4.0.202007081208/tools/bin/../lib/gcc/arm-none-eabi/7.3.1/thumb/v7-m/crtbegin.o
LOAD c:/st/stm32cubeide_1.4.0/stm32cubeide/plugins/com.st.stm32cube.ide.mcu.externaltools.gnu-tools-for-stm32.7-2018-q2-update.win32_1.4.0.202007081208/tools/bin/../lib/gcc/arm-none-eabi/7.3.1/../../../../arm-none-eabi/lib/thumb/v7-m/crt0.o
LOAD Core/Src/main.o
LOAD Core/Src/stm32f1xx_hal_msp.o
LOAD Core/Src/stm32f1xx_it.o
LOAD Core/Src/syscalls.o
LOAD Core/Src/sysmem.o
LOAD Core/Src/system_stm32f1xx.o
LOAD Core/Startup/startup_stm32f103c8tx.o
LOAD Drivers/STM32F1xx_HAL_Driver/Src/stm32f1xx_hal.o
LOAD Drivers/STM32F1xx_HAL_Driver/Src/stm32f1xx_hal_cortex.o
LOAD Drivers/STM32F1xx_HAL_Driver/Src/stm32f1xx_hal_dma.o
LOAD Drivers/STM32F1xx_HAL_Driver/Src/stm32f1xx_hal_exti.o
LOAD Drivers/STM32F1xx_HAL_Driver/Src/stm32f1xx_hal_flash.o
LOAD Drivers/STM32F1xx_HAL_Driver/Src/stm32f1xx_hal_flash_ex.o
LOAD Drivers/STM32F1xx_HAL_Driver/Src/stm32f1xx_hal_gpio.o
LOAD Drivers/STM32F1xx_HAL_Driver/Src/stm32f1xx_hal_gpio_ex.o
LOAD Drivers/STM32F1xx_HAL_Driver/Src/stm32f1xx_hal_pcd.o
LOAD Drivers/STM32F1xx_HAL_Driver/Src/stm32f1xx_hal_pcd_ex.o
LOAD Drivers/STM32F1xx_HAL_Driver/Src/stm32f1xx_hal_pwr.o
LOAD Drivers/STM32F1xx_HAL_Driver/Src/stm32f1xx_hal_rcc.o
LOAD Drivers/STM32F1xx_HAL_Driver/Src/stm32f1xx_hal_rcc_ex.o
LOAD Drivers/STM32F1xx_HAL_Driver/Src/stm32f1xx_hal_tim.o
LOAD Drivers/STM32F1xx_HAL_Driver/Src/stm32f1xx_hal_tim_ex.o
LOAD Drivers/STM32F1xx_HAL_Driver/Src/stm32f1xx_ll_usb.o
LOAD Middlewares/ST/STM32_USB_Device_Library/Class/CDC/Src/usbd_cdc.o
LOAD Middlewares/ST/STM32_USB_Device_Library/Core/Src/usbd_core.o
LOAD Middlewares/ST/STM32_USB_Device_Library/Core/Src/usbd_ctlreq.o
LOAD Middlewares/ST/STM32_USB_Device_Library/Core/Src/usbd_ioreq.o
LOAD USB_DEVICE/App/usb_device.o
LOAD USB_DEVICE/App/usbd_cdc_if.o
LOAD USB_DEVICE/App/usbd_desc.o
LOAD USB_DEVICE/Target/usbd_conf.o
START GROUP
LOAD c:/st/stm32cubeide_1.4.0/stm32cubeide/plugins/com.st.stm32cube.ide.mcu.externaltools.gnu-tools-for-stm32.7-2018-q2-update.win32_1.4.0.202007081208/tools/bin/../lib/gcc/arm-none-eabi/7.3.1/../../../../arm-none-eabi/lib/thumb/v7-m\libc_nano.a
LOAD c:/st/stm32cubeide_1.4.0/stm32cubeide/plugins/com.st.stm32cube.ide.mcu.externaltools.gnu-tools-for-stm32.7-2018-q2-update.win32_1.4.0.202007081208/tools/bin/../lib/gcc/arm-none-eabi/7.3.1/../../../../arm-none-eabi/lib/thumb/v7-m\libm.a
END GROUP
START GROUP
LOAD c:/st/stm32cubeide_1.4.0/stm32cubeide/plugins/com.st.stm32cube.ide.mcu.externaltools.gnu-tools-for-stm32.7-2018-q2-update.win32_1.4.0.202007081208/tools/bin/../lib/gcc/arm-none-eabi/7.3.1/thumb/v7-m\libgcc.a
LOAD c:/st/stm32cubeide_1.4.0/stm32cubeide/plugins/com.st.stm32cube.ide.mcu.externaltools.gnu-tools-for-stm32.7-2018-q2-update.win32_1.4.0.202007081208/tools/bin/../lib/gcc/arm-none-eabi/7.3.1/../../../../arm-none-eabi/lib/thumb/v7-m\libc_nano.a
END GROUP
START GROUP
LOAD c:/st/stm32cubeide_1.4.0/stm32cubeide/plugins/com.st.stm32cube.ide.mcu.externaltools.gnu-tools-for-stm32.7-2018-q2-update.win32_1.4.0.202007081208/tools/bin/../lib/gcc/arm-none-eabi/7.3.1/thumb/v7-m\libgcc.a
LOAD c:/st/stm32cubeide_1.4.0/stm32cubeide/plugins/com.st.stm32cube.ide.mcu.externaltools.gnu-tools-for-stm32.7-2018-q2-update.win32_1.4.0.202007081208/tools/bin/../lib/gcc/arm-none-eabi/7.3.1/../../../../arm-none-eabi/lib/thumb/v7-m\libc_nano.a
LOAD c:/st/stm32cubeide_1.4.0/stm32cubeide/plugins/com.st.stm32cube.ide.mcu.externaltools.gnu-tools-for-stm32.7-2018-q2-update.win32_1.4.0.202007081208/tools/bin/../lib/gcc/arm-none-eabi/7.3.1/../../../../arm-none-eabi/lib/thumb/v7-m\libnosys.a
END GROUP
START GROUP
LOAD c:/st/stm32cubeide_1.4.0/stm32cubeide/plugins/com.st.stm32cube.ide.mcu.externaltools.gnu-tools-for-stm32.7-2018-q2-update.win32_1.4.0.202007081208/tools/bin/../lib/gcc/arm-none-eabi/7.3.1/thumb/v7-m\libgcc.a
LOAD c:/st/stm32cubeide_1.4.0/stm32cubeide/plugins/com.st.stm32cube.ide.mcu.externaltools.gnu-tools-for-stm32.7-2018-q2-update.win32_1.4.0.202007081208/tools/bin/../lib/gcc/arm-none-eabi/7.3.1/../../../../arm-none-eabi/lib/thumb/v7-m\libc_nano.a
LOAD c:/st/stm32cubeide_1.4.0/stm32cubeide/plugins/com.st.stm32cube.ide.mcu.externaltools.gnu-tools-for-stm32.7-2018-q2-update.win32_1.4.0.202007081208/tools/bin/../lib/gcc/arm-none-eabi/7.3.1/../../../../arm-none-eabi/lib/thumb/v7-m\libnosys.a
END GROUP
LOAD c:/st/stm32cubeide_1.4.0/stm32cubeide/plugins/com.st.stm32cube.ide.mcu.externaltools.gnu-tools-for-stm32.7-2018-q2-update.win32_1.4.0.202007081208/tools/bin/../lib/gcc/arm-none-eabi/7.3.1/thumb/v7-m/crtend.o
LOAD c:/st/stm32cubeide_1.4.0/stm32cubeide/plugins/com.st.stm32cube.ide.mcu.externaltools.gnu-tools-for-stm32.7-2018-q2-update.win32_1.4.0.202007081208/tools/bin/../lib/gcc/arm-none-eabi/7.3.1/thumb/v7-m/crtn.o
                0x0000000020005000                _estack = (ORIGIN (RAM) + LENGTH (RAM))
                0x0000000000000800                _Min_Heap_Size = 0x800
                0x0000000000000800                _Min_Stack_Size = 0x800

.isr_vector     0x0000000008000000      0x10c
                0x0000000008000000                . = ALIGN (0x4)
 *(.isr_vector)
 .isr_vector    0x0000000008000000      0x10c Core/Startup/startup_stm32f103c8tx.o
                0x0000000008000000                g_pfnVectors
                0x000000000800010c                . = ALIGN (0x4)

.text           0x000000000800010c     0x696c
                0x000000000800010c                . = ALIGN (0x4)
 *(.text)
 .text          0x000000000800010c       0x40 c:/st/stm32cubeide_1.4.0/stm32cubeide/plugins/com.st.stm32cube.ide.mcu.externaltools.gnu-tools-for-stm32.7-2018-q2-update.win32_1.4.0.202007081208/tools/bin/../lib/gcc/arm-none-eabi/7.3.1/thumb/v7-m/crtbegin.o
 *(.text*)
 .text.delay_us
                0x000000000800014c       0x30 Core/Src/main.o
                0x000000000800014c                delay_us
 .text.ready_led
                0x000000000800017c       0x78 Core/Src/main.o
                0x000000000800017c                ready_led
 .text.reset_addr
                0x00000000080001f4       0x40 Core/Src/main.o
                0x00000000080001f4                reset_addr
 .text.goto_addr
                0x0000000008000234       0x3c Core/Src/main.o
                0x0000000008000234                goto_addr
 .text.write    0x0000000008000270       0x5c Core/Src/main.o
                0x0000000008000270                write
 .text.write_feram
                0x00000000080002cc       0x88 Core/Src/main.o
                0x00000000080002cc                write_feram
 .text.command_5555
                0x0000000008000354       0x68 Core/Src/main.o
                0x0000000008000354                command_5555
 .text.command_2AAA
                0x00000000080003bc       0x68 Core/Src/main.o
                0x00000000080003bc                command_2AAA
 .text.write_addr
                0x0000000008000424       0xac Core/Src/main.o
                0x0000000008000424                write_addr
 .text.buffer_write
                0x00000000080004d0       0x54 Core/Src/main.o
                0x00000000080004d0                buffer_write
 .text.buffer_write_feram
                0x0000000008000524       0x54 Core/Src/main.o
                0x0000000008000524                buffer_write_feram
 .text.polling  0x0000000008000578       0x70 Core/Src/main.o
                0x0000000008000578                polling
 .text.buffering
                0x00000000080005e8       0x60 Core/Src/main.o
                0x00000000080005e8                buffering
 .text.switch_to_sram
                0x0000000008000648       0x80 Core/Src/main.o
                0x0000000008000648                switch_to_sram
 .text.switch_to_flash
                0x00000000080006c8       0x80 Core/Src/main.o
                0x00000000080006c8                switch_to_flash
 .text.main     0x0000000008000748      0x824 Core/Src/main.o
                0x0000000008000748                main
 .text.SystemClock_Config
                0x0000000008000f6c       0xb4 Core/Src/main.o
                0x0000000008000f6c                SystemClock_Config
 .text.MX_TIM1_Init
                0x0000000008001020       0xa0 Core/Src/main.o
 .text.MX_GPIO_Init
                0x00000000080010c0      0x138 Core/Src/main.o
 .text.Error_Handler
                0x00000000080011f8        0xc Core/Src/main.o
                0x00000000080011f8                Error_Handler
 .text.HAL_MspInit
                0x0000000008001204       0x64 Core/Src/stm32f1xx_hal_msp.o
                0x0000000008001204                HAL_MspInit
 .text.HAL_TIM_Base_MspInit
                0x0000000008001268       0x3c Core/Src/stm32f1xx_hal_msp.o
                0x0000000008001268                HAL_TIM_Base_MspInit
 .text.NMI_Handler
                0x00000000080012a4        0xc Core/Src/stm32f1xx_it.o
                0x00000000080012a4                NMI_Handler
 .text.HardFault_Handler
                0x00000000080012b0        0x6 Core/Src/stm32f1xx_it.o
                0x00000000080012b0                HardFault_Handler
 .text.MemManage_Handler
                0x00000000080012b6        0x6 Core/Src/stm32f1xx_it.o
                0x00000000080012b6                MemManage_Handler
 .text.BusFault_Handler
                0x00000000080012bc        0x6 Core/Src/stm32f1xx_it.o
                0x00000000080012bc                BusFault_Handler
 .text.UsageFault_Handler
                0x00000000080012c2        0x6 Core/Src/stm32f1xx_it.o
                0x00000000080012c2                UsageFault_Handler
 .text.SVC_Handler
                0x00000000080012c8        0xc Core/Src/stm32f1xx_it.o
                0x00000000080012c8                SVC_Handler
 .text.DebugMon_Handler
                0x00000000080012d4        0xc Core/Src/stm32f1xx_it.o
                0x00000000080012d4                DebugMon_Handler
 .text.PendSV_Handler
                0x00000000080012e0        0xc Core/Src/stm32f1xx_it.o
                0x00000000080012e0                PendSV_Handler
 .text.SysTick_Handler
                0x00000000080012ec        0xc Core/Src/stm32f1xx_it.o
                0x00000000080012ec                SysTick_Handler
 .text.USB_LP_CAN1_RX0_IRQHandler
                0x00000000080012f8       0x14 Core/Src/stm32f1xx_it.o
                0x00000000080012f8                USB_LP_CAN1_RX0_IRQHandler
 .text.SystemInit
                0x000000000800130c       0x68 Core/Src/system_stm32f1xx.o
                0x000000000800130c                SystemInit
 .text.Reset_Handler
                0x0000000008001374       0x48 Core/Startup/startup_stm32f103c8tx.o
                0x0000000008001374                Reset_Handler
 .text.Default_Handler
                0x00000000080013bc        0x2 Core/Startup/startup_stm32f103c8tx.o
                0x00000000080013bc                RTC_Alarm_IRQHandler
                0x00000000080013bc                EXTI2_IRQHandler
                0x00000000080013bc                TIM1_CC_IRQHandler
                0x00000000080013bc                PVD_IRQHandler
                0x00000000080013bc                EXTI3_IRQHandler
                0x00000000080013bc                EXTI0_IRQHandler
                0x00000000080013bc                I2C2_EV_IRQHandler
                0x00000000080013bc                ADC1_2_IRQHandler
                0x00000000080013bc                SPI1_IRQHandler
                0x00000000080013bc                TAMPER_IRQHandler
                0x00000000080013bc                DMA1_Channel4_IRQHandler
                0x00000000080013bc                USART3_IRQHandler
                0x00000000080013bc                RTC_IRQHandler
                0x00000000080013bc                DMA1_Channel7_IRQHandler
                0x00000000080013bc                CAN1_RX1_IRQHandler
                0x00000000080013bc                TIM4_IRQHandler
                0x00000000080013bc                I2C1_EV_IRQHandler
                0x00000000080013bc                DMA1_Channel6_IRQHandler
                0x00000000080013bc                TIM3_IRQHandler
                0x00000000080013bc                RCC_IRQHandler
                0x00000000080013bc                TIM1_TRG_COM_IRQHandler
                0x00000000080013bc                DMA1_Channel1_IRQHandler
                0x00000000080013bc                Default_Handler
                0x00000000080013bc                EXTI15_10_IRQHandler
                0x00000000080013bc                EXTI9_5_IRQHandler
                0x00000000080013bc                SPI2_IRQHandler
                0x00000000080013bc                DMA1_Channel5_IRQHandler
                0x00000000080013bc                EXTI4_IRQHandler
                0x00000000080013bc                USB_HP_CAN1_TX_IRQHandler
                0x00000000080013bc                DMA1_Channel3_IRQHandler
                0x00000000080013bc                TIM1_UP_IRQHandler
                0x00000000080013bc                WWDG_IRQHandler
                0x00000000080013bc                TIM2_IRQHandler
                0x00000000080013bc                TIM1_BRK_IRQHandler
                0x00000000080013bc                EXTI1_IRQHandler
                0x00000000080013bc                USART2_IRQHandler
                0x00000000080013bc                I2C2_ER_IRQHandler
                0x00000000080013bc                DMA1_Channel2_IRQHandler
                0x00000000080013bc                CAN1_SCE_IRQHandler
                0x00000000080013bc                FLASH_IRQHandler
                0x00000000080013bc                USART1_IRQHandler
                0x00000000080013bc                I2C1_ER_IRQHandler
                0x00000000080013bc                USBWakeUp_IRQHandler
 *fill*         0x00000000080013be        0x2 
 .text.HAL_Init
                0x00000000080013c0       0x2c Drivers/STM32F1xx_HAL_Driver/Src/stm32f1xx_hal.o
                0x00000000080013c0                HAL_Init
 .text.HAL_InitTick
                0x00000000080013ec       0x60 Drivers/STM32F1xx_HAL_Driver/Src/stm32f1xx_hal.o
                0x00000000080013ec                HAL_InitTick
 .text.HAL_IncTick
                0x000000000800144c       0x24 Drivers/STM32F1xx_HAL_Driver/Src/stm32f1xx_hal.o
                0x000000000800144c                HAL_IncTick
 .text.HAL_GetTick
                0x0000000008001470       0x14 Drivers/STM32F1xx_HAL_Driver/Src/stm32f1xx_hal.o
                0x0000000008001470                HAL_GetTick
 .text.HAL_Delay
                0x0000000008001484       0x44 Drivers/STM32F1xx_HAL_Driver/Src/stm32f1xx_hal.o
                0x0000000008001484                HAL_Delay
 .text.__NVIC_SetPriorityGrouping
                0x00000000080014c8       0x48 Drivers/STM32F1xx_HAL_Driver/Src/stm32f1xx_hal_cortex.o
 .text.__NVIC_GetPriorityGrouping
                0x0000000008001510       0x1c Drivers/STM32F1xx_HAL_Driver/Src/stm32f1xx_hal_cortex.o
 .text.__NVIC_EnableIRQ
                0x000000000800152c       0x38 Drivers/STM32F1xx_HAL_Driver/Src/stm32f1xx_hal_cortex.o
 .text.__NVIC_SetPriority
                0x0000000008001564       0x54 Drivers/STM32F1xx_HAL_Driver/Src/stm32f1xx_hal_cortex.o
 .text.NVIC_EncodePriority
                0x00000000080015b8       0x64 Drivers/STM32F1xx_HAL_Driver/Src/stm32f1xx_hal_cortex.o
 .text.SysTick_Config
                0x000000000800161c       0x44 Drivers/STM32F1xx_HAL_Driver/Src/stm32f1xx_hal_cortex.o
 .text.HAL_NVIC_SetPriorityGrouping
                0x0000000008001660       0x16 Drivers/STM32F1xx_HAL_Driver/Src/stm32f1xx_hal_cortex.o
                0x0000000008001660                HAL_NVIC_SetPriorityGrouping
 .text.HAL_NVIC_SetPriority
                0x0000000008001676       0x38 Drivers/STM32F1xx_HAL_Driver/Src/stm32f1xx_hal_cortex.o
                0x0000000008001676                HAL_NVIC_SetPriority
 .text.HAL_NVIC_EnableIRQ
                0x00000000080016ae       0x1c Drivers/STM32F1xx_HAL_Driver/Src/stm32f1xx_hal_cortex.o
                0x00000000080016ae                HAL_NVIC_EnableIRQ
 .text.HAL_SYSTICK_Config
                0x00000000080016ca       0x18 Drivers/STM32F1xx_HAL_Driver/Src/stm32f1xx_hal_cortex.o
                0x00000000080016ca                HAL_SYSTICK_Config
 *fill*         0x00000000080016e2        0x2 
 .text.HAL_GPIO_Init
                0x00000000080016e4      0x2b4 Drivers/STM32F1xx_HAL_Driver/Src/stm32f1xx_hal_gpio.o
                0x00000000080016e4                HAL_GPIO_Init
 .text.HAL_GPIO_WritePin
                0x0000000008001998       0x30 Drivers/STM32F1xx_HAL_Driver/Src/stm32f1xx_hal_gpio.o
                0x0000000008001998                HAL_GPIO_WritePin
 .text.HAL_PCD_Init
                0x00000000080019c8      0x1c2 Drivers/STM32F1xx_HAL_Driver/Src/stm32f1xx_hal_pcd.o
                0x00000000080019c8                HAL_PCD_Init
 .text.HAL_PCD_Start
                0x0000000008001b8a       0x4c Drivers/STM32F1xx_HAL_Driver/Src/stm32f1xx_hal_pcd.o
                0x0000000008001b8a                HAL_PCD_Start
 .text.HAL_PCD_IRQHandler
                0x0000000008001bd6      0x21c Drivers/STM32F1xx_HAL_Driver/Src/stm32f1xx_hal_pcd.o
                0x0000000008001bd6                HAL_PCD_IRQHandler
 .text.HAL_PCD_SetAddress
                0x0000000008001df2       0x4a Drivers/STM32F1xx_HAL_Driver/Src/stm32f1xx_hal_pcd.o
                0x0000000008001df2                HAL_PCD_SetAddress
 .text.HAL_PCD_EP_Open
                0x0000000008001e3c       0xc0 Drivers/STM32F1xx_HAL_Driver/Src/stm32f1xx_hal_pcd.o
                0x0000000008001e3c                HAL_PCD_EP_Open
 .text.HAL_PCD_EP_Close
                0x0000000008001efc       0x84 Drivers/STM32F1xx_HAL_Driver/Src/stm32f1xx_hal_pcd.o
                0x0000000008001efc                HAL_PCD_EP_Close
 .text.HAL_PCD_EP_Receive
                0x0000000008001f80       0x74 Drivers/STM32F1xx_HAL_Driver/Src/stm32f1xx_hal_pcd.o
                0x0000000008001f80                HAL_PCD_EP_Receive
 .text.HAL_PCD_EP_GetRxCount
                0x0000000008001ff4       0x28 Drivers/STM32F1xx_HAL_Driver/Src/stm32f1xx_hal_pcd.o
                0x0000000008001ff4                HAL_PCD_EP_GetRxCount
 .text.HAL_PCD_EP_Transmit
                0x000000000800201c       0x72 Drivers/STM32F1xx_HAL_Driver/Src/stm32f1xx_hal_pcd.o
                0x000000000800201c                HAL_PCD_EP_Transmit
 .text.HAL_PCD_EP_SetStall
                0x000000000800208e       0xb4 Drivers/STM32F1xx_HAL_Driver/Src/stm32f1xx_hal_pcd.o
                0x000000000800208e                HAL_PCD_EP_SetStall
 .text.HAL_PCD_EP_ClrStall
                0x0000000008002142       0x9c Drivers/STM32F1xx_HAL_Driver/Src/stm32f1xx_hal_pcd.o
                0x0000000008002142                HAL_PCD_EP_ClrStall
 *fill*         0x00000000080021de        0x2 
 .text.PCD_EP_ISR_Handler
                0x00000000080021e0      0x534 Drivers/STM32F1xx_HAL_Driver/Src/stm32f1xx_hal_pcd.o
 .text.HAL_PCDEx_PMAConfig
                0x0000000008002714       0x78 Drivers/STM32F1xx_HAL_Driver/Src/stm32f1xx_hal_pcd_ex.o
                0x0000000008002714                HAL_PCDEx_PMAConfig
 .text.HAL_RCC_OscConfig
                0x000000000800278c      0x500 Drivers/STM32F1xx_HAL_Driver/Src/stm32f1xx_hal_rcc.o
                0x000000000800278c                HAL_RCC_OscConfig
 .text.HAL_RCC_ClockConfig
                0x0000000008002c8c      0x1d4 Drivers/STM32F1xx_HAL_Driver/Src/stm32f1xx_hal_rcc.o
                0x0000000008002c8c                HAL_RCC_ClockConfig
 .text.HAL_RCC_GetSysClockFreq
                0x0000000008002e60       0xc4 Drivers/STM32F1xx_HAL_Driver/Src/stm32f1xx_hal_rcc.o
                0x0000000008002e60                HAL_RCC_GetSysClockFreq
 .text.RCC_Delay
                0x0000000008002f24       0x3c Drivers/STM32F1xx_HAL_Driver/Src/stm32f1xx_hal_rcc.o
 .text.HAL_RCCEx_PeriphCLKConfig
                0x0000000008002f60      0x16c Drivers/STM32F1xx_HAL_Driver/Src/stm32f1xx_hal_rcc_ex.o
                0x0000000008002f60                HAL_RCCEx_PeriphCLKConfig
 .text.HAL_TIM_Base_Init
                0x00000000080030cc       0x56 Drivers/STM32F1xx_HAL_Driver/Src/stm32f1xx_hal_tim.o
                0x00000000080030cc                HAL_TIM_Base_Init
 .text.HAL_TIM_Base_Start
                0x0000000008003122       0x46 Drivers/STM32F1xx_HAL_Driver/Src/stm32f1xx_hal_tim.o
                0x0000000008003122                HAL_TIM_Base_Start
 .text.HAL_TIM_ConfigClockSource
                0x0000000008003168      0x16e Drivers/STM32F1xx_HAL_Driver/Src/stm32f1xx_hal_tim.o
                0x0000000008003168                HAL_TIM_ConfigClockSource
 *fill*         0x00000000080032d6        0x2 
 .text.TIM_Base_SetConfig
                0x00000000080032d8       0xc4 Drivers/STM32F1xx_HAL_Driver/Src/stm32f1xx_hal_tim.o
                0x00000000080032d8                TIM_Base_SetConfig
 .text.TIM_TI1_ConfigInputStage
                0x000000000800339c       0x5c Drivers/STM32F1xx_HAL_Driver/Src/stm32f1xx_hal_tim.o
 .text.TIM_TI2_ConfigInputStage
                0x00000000080033f8       0x5e Drivers/STM32F1xx_HAL_Driver/Src/stm32f1xx_hal_tim.o
 .text.TIM_ITRx_SetConfig
                0x0000000008003456       0x34 Drivers/STM32F1xx_HAL_Driver/Src/stm32f1xx_hal_tim.o
 .text.TIM_ETR_SetConfig
                0x000000000800348a       0x3e Drivers/STM32F1xx_HAL_Driver/Src/stm32f1xx_hal_tim.o
                0x000000000800348a                TIM_ETR_SetConfig
 .text.HAL_TIMEx_MasterConfigSynchronization
                0x00000000080034c8       0x88 Drivers/STM32F1xx_HAL_Driver/Src/stm32f1xx_hal_tim_ex.o
                0x00000000080034c8                HAL_TIMEx_MasterConfigSynchronization
 .text.USB_CoreInit
                0x0000000008003550       0x20 Drivers/STM32F1xx_HAL_Driver/Src/stm32f1xx_ll_usb.o
                0x0000000008003550                USB_CoreInit
 .text.USB_EnableGlobalInt
                0x0000000008003570       0x2e Drivers/STM32F1xx_HAL_Driver/Src/stm32f1xx_ll_usb.o
                0x0000000008003570                USB_EnableGlobalInt
 .text.USB_DisableGlobalInt
                0x000000000800359e       0x38 Drivers/STM32F1xx_HAL_Driver/Src/stm32f1xx_ll_usb.o
                0x000000000800359e                USB_DisableGlobalInt
 .text.USB_SetCurrentMode
                0x00000000080035d6       0x18 Drivers/STM32F1xx_HAL_Driver/Src/stm32f1xx_ll_usb.o
                0x00000000080035d6                USB_SetCurrentMode
 .text.USB_DevInit
                0x00000000080035ee       0x48 Drivers/STM32F1xx_HAL_Driver/Src/stm32f1xx_ll_usb.o
                0x00000000080035ee                USB_DevInit
 *fill*         0x0000000008003636        0x2 
 .text.USB_ActivateEndpoint
                0x0000000008003638      0x5dc Drivers/STM32F1xx_HAL_Driver/Src/stm32f1xx_ll_usb.o
                0x0000000008003638                USB_ActivateEndpoint
 .text.USB_DeactivateEndpoint
                0x0000000008003c14      0x32c Drivers/STM32F1xx_HAL_Driver/Src/stm32f1xx_ll_usb.o
                0x0000000008003c14                USB_DeactivateEndpoint
 .text.USB_EPStartXfer
                0x0000000008003f40      0x570 Drivers/STM32F1xx_HAL_Driver/Src/stm32f1xx_ll_usb.o
                0x0000000008003f40                USB_EPStartXfer
 .text.USB_EPSetStall
                0x00000000080044b0       0x84 Drivers/STM32F1xx_HAL_Driver/Src/stm32f1xx_ll_usb.o
                0x00000000080044b0                USB_EPSetStall
 .text.USB_EPClearStall
                0x0000000008004534      0x128 Drivers/STM32F1xx_HAL_Driver/Src/stm32f1xx_ll_usb.o
                0x0000000008004534                USB_EPClearStall
 .text.USB_SetDevAddress
                0x000000000800465c       0x26 Drivers/STM32F1xx_HAL_Driver/Src/stm32f1xx_ll_usb.o
                0x000000000800465c                USB_SetDevAddress
 .text.USB_DevConnect
                0x0000000008004682       0x14 Drivers/STM32F1xx_HAL_Driver/Src/stm32f1xx_ll_usb.o
                0x0000000008004682                USB_DevConnect
 .text.USB_DevDisconnect
                0x0000000008004696       0x14 Drivers/STM32F1xx_HAL_Driver/Src/stm32f1xx_ll_usb.o
                0x0000000008004696                USB_DevDisconnect
 .text.USB_ReadInterrupts
                0x00000000080046aa       0x1e Drivers/STM32F1xx_HAL_Driver/Src/stm32f1xx_ll_usb.o
                0x00000000080046aa                USB_ReadInterrupts
 .text.USB_EP0_OutStart
                0x00000000080046c8       0x16 Drivers/STM32F1xx_HAL_Driver/Src/stm32f1xx_ll_usb.o
                0x00000000080046c8                USB_EP0_OutStart
 .text.USB_WritePMA
                0x00000000080046de       0x88 Drivers/STM32F1xx_HAL_Driver/Src/stm32f1xx_ll_usb.o
                0x00000000080046de                USB_WritePMA
 .text.USB_ReadPMA
                0x0000000008004766       0x9e Drivers/STM32F1xx_HAL_Driver/Src/stm32f1xx_ll_usb.o
                0x0000000008004766                USB_ReadPMA
 .text.USBD_CDC_Init
                0x0000000008004804       0xf4 Middlewares/ST/STM32_USB_Device_Library/Class/CDC/Src/usbd_cdc.o
 .text.USBD_CDC_DeInit
                0x00000000080048f8       0x6e Middlewares/ST/STM32_USB_Device_Library/Class/CDC/Src/usbd_cdc.o
 .text.USBD_CDC_Setup
                0x0000000008004966      0x140 Middlewares/ST/STM32_USB_Device_Library/Class/CDC/Src/usbd_cdc.o
 .text.USBD_CDC_DataIn
                0x0000000008004aa6       0xa0 Middlewares/ST/STM32_USB_Device_Library/Class/CDC/Src/usbd_cdc.o
 .text.USBD_CDC_DataOut
                0x0000000008004b46       0x56 Middlewares/ST/STM32_USB_Device_Library/Class/CDC/Src/usbd_cdc.o
 .text.USBD_CDC_EP0_RxReady
                0x0000000008004b9c       0x50 Middlewares/ST/STM32_USB_Device_Library/Class/CDC/Src/usbd_cdc.o
 .text.USBD_CDC_GetFSCfgDesc
                0x0000000008004bec       0x20 Middlewares/ST/STM32_USB_Device_Library/Class/CDC/Src/usbd_cdc.o
 .text.USBD_CDC_GetHSCfgDesc
                0x0000000008004c0c       0x20 Middlewares/ST/STM32_USB_Device_Library/Class/CDC/Src/usbd_cdc.o
 .text.USBD_CDC_GetOtherSpeedCfgDesc
                0x0000000008004c2c       0x20 Middlewares/ST/STM32_USB_Device_Library/Class/CDC/Src/usbd_cdc.o
 .text.USBD_CDC_GetDeviceQualifierDescriptor
                0x0000000008004c4c       0x20 Middlewares/ST/STM32_USB_Device_Library/Class/CDC/Src/usbd_cdc.o
                0x0000000008004c4c                USBD_CDC_GetDeviceQualifierDescriptor
 .text.USBD_CDC_RegisterInterface
                0x0000000008004c6c       0x2c Middlewares/ST/STM32_USB_Device_Library/Class/CDC/Src/usbd_cdc.o
                0x0000000008004c6c                USBD_CDC_RegisterInterface
 .text.USBD_CDC_SetTxBuffer
                0x0000000008004c98       0x32 Middlewares/ST/STM32_USB_Device_Library/Class/CDC/Src/usbd_cdc.o
                0x0000000008004c98                USBD_CDC_SetTxBuffer
 .text.USBD_CDC_SetRxBuffer
                0x0000000008004cca       0x26 Middlewares/ST/STM32_USB_Device_Library/Class/CDC/Src/usbd_cdc.o
                0x0000000008004cca                USBD_CDC_SetRxBuffer
 .text.USBD_CDC_TransmitPacket
                0x0000000008004cf0       0x5e Middlewares/ST/STM32_USB_Device_Library/Class/CDC/Src/usbd_cdc.o
                0x0000000008004cf0                USBD_CDC_TransmitPacket
 .text.USBD_CDC_ReceivePacket
                0x0000000008004d4e       0x54 Middlewares/ST/STM32_USB_Device_Library/Class/CDC/Src/usbd_cdc.o
                0x0000000008004d4e                USBD_CDC_ReceivePacket
 .text.USBD_Init
                0x0000000008004da2       0x56 Middlewares/ST/STM32_USB_Device_Library/Core/Src/usbd_core.o
                0x0000000008004da2                USBD_Init
 .text.USBD_RegisterClass
                0x0000000008004df8       0x32 Middlewares/ST/STM32_USB_Device_Library/Core/Src/usbd_core.o
                0x0000000008004df8                USBD_RegisterClass
 .text.USBD_Start
                0x0000000008004e2a       0x18 Middlewares/ST/STM32_USB_Device_Library/Core/Src/usbd_core.o
                0x0000000008004e2a                USBD_Start
 .text.USBD_RunTestMode
                0x0000000008004e42       0x14 Middlewares/ST/STM32_USB_Device_Library/Core/Src/usbd_core.o
                0x0000000008004e42                USBD_RunTestMode
 .text.USBD_SetClassConfig
                0x0000000008004e56       0x3e Middlewares/ST/STM32_USB_Device_Library/Core/Src/usbd_core.o
                0x0000000008004e56                USBD_SetClassConfig
 .text.USBD_ClrClassConfig
                0x0000000008004e94       0x26 Middlewares/ST/STM32_USB_Device_Library/Core/Src/usbd_core.o
                0x0000000008004e94                USBD_ClrClassConfig
 .text.USBD_LL_SetupStage
                0x0000000008004eba       0x96 Middlewares/ST/STM32_USB_Device_Library/Core/Src/usbd_core.o
                0x0000000008004eba                USBD_LL_SetupStage
 .text.USBD_LL_DataOutStage
                0x0000000008004f50       0xe2 Middlewares/ST/STM32_USB_Device_Library/Core/Src/usbd_core.o
                0x0000000008004f50                USBD_LL_DataOutStage
 .text.USBD_LL_DataInStage
                0x0000000008005032      0x14a Middlewares/ST/STM32_USB_Device_Library/Core/Src/usbd_core.o
                0x0000000008005032                USBD_LL_DataInStage
 .text.USBD_LL_Reset
                0x000000000800517c       0x82 Middlewares/ST/STM32_USB_Device_Library/Core/Src/usbd_core.o
                0x000000000800517c                USBD_LL_Reset
 .text.USBD_LL_SetSpeed
                0x00000000080051fe       0x1e Middlewares/ST/STM32_USB_Device_Library/Core/Src/usbd_core.o
                0x00000000080051fe                USBD_LL_SetSpeed
 .text.USBD_LL_Suspend
                0x000000000800521c       0x28 Middlewares/ST/STM32_USB_Device_Library/Core/Src/usbd_core.o
                0x000000000800521c                USBD_LL_Suspend
 .text.USBD_LL_Resume
                0x0000000008005244       0x2a Middlewares/ST/STM32_USB_Device_Library/Core/Src/usbd_core.o
                0x0000000008005244                USBD_LL_Resume
 .text.USBD_LL_SOF
                0x000000000800526e       0x34 Middlewares/ST/STM32_USB_Device_Library/Core/Src/usbd_core.o
                0x000000000800526e                USBD_LL_SOF
 *fill*         0x00000000080052a2        0x2 
 .text.USBD_StdDevReq
                0x00000000080052a4       0xd4 Middlewares/ST/STM32_USB_Device_Library/Core/Src/usbd_ctlreq.o
                0x00000000080052a4                USBD_StdDevReq
 .text.USBD_StdItfReq
                0x0000000008005378       0x8c Middlewares/ST/STM32_USB_Device_Library/Core/Src/usbd_ctlreq.o
                0x0000000008005378                USBD_StdItfReq
 .text.USBD_StdEPReq
                0x0000000008005404      0x2ba Middlewares/ST/STM32_USB_Device_Library/Core/Src/usbd_ctlreq.o
                0x0000000008005404                USBD_StdEPReq
 *fill*         0x00000000080056be        0x2 
 .text.USBD_GetDescriptor
                0x00000000080056c0      0x2d0 Middlewares/ST/STM32_USB_Device_Library/Core/Src/usbd_ctlreq.o
 .text.USBD_SetAddress
                0x0000000008005990       0x84 Middlewares/ST/STM32_USB_Device_Library/Core/Src/usbd_ctlreq.o
 .text.USBD_SetConfig
                0x0000000008005a14      0x11c Middlewares/ST/STM32_USB_Device_Library/Core/Src/usbd_ctlreq.o
 .text.USBD_GetConfig
                0x0000000008005b30       0x68 Middlewares/ST/STM32_USB_Device_Library/Core/Src/usbd_ctlreq.o
 .text.USBD_GetStatus
                0x0000000008005b98       0x66 Middlewares/ST/STM32_USB_Device_Library/Core/Src/usbd_ctlreq.o
 .text.USBD_SetFeature
                0x0000000008005bfe       0x28 Middlewares/ST/STM32_USB_Device_Library/Core/Src/usbd_ctlreq.o
 .text.USBD_ClrFeature
                0x0000000008005c26       0x42 Middlewares/ST/STM32_USB_Device_Library/Core/Src/usbd_ctlreq.o
 .text.USBD_ParseSetupRequest
                0x0000000008005c68       0x78 Middlewares/ST/STM32_USB_Device_Library/Core/Src/usbd_ctlreq.o
                0x0000000008005c68                USBD_ParseSetupRequest
 .text.USBD_CtlError
                0x0000000008005ce0       0x22 Middlewares/ST/STM32_USB_Device_Library/Core/Src/usbd_ctlreq.o
                0x0000000008005ce0                USBD_CtlError
 .text.USBD_GetString
                0x0000000008005d02       0x84 Middlewares/ST/STM32_USB_Device_Library/Core/Src/usbd_ctlreq.o
                0x0000000008005d02                USBD_GetString
 .text.USBD_GetLen
                0x0000000008005d86       0x2e Middlewares/ST/STM32_USB_Device_Library/Core/Src/usbd_ctlreq.o
 .text.USBD_CtlSendData
                0x0000000008005db4       0x38 Middlewares/ST/STM32_USB_Device_Library/Core/Src/usbd_ioreq.o
                0x0000000008005db4                USBD_CtlSendData
 .text.USBD_CtlContinueSendData
                0x0000000008005dec       0x24 Middlewares/ST/STM32_USB_Device_Library/Core/Src/usbd_ioreq.o
                0x0000000008005dec                USBD_CtlContinueSendData
 .text.USBD_CtlPrepareRx
                0x0000000008005e10       0x3c Middlewares/ST/STM32_USB_Device_Library/Core/Src/usbd_ioreq.o
                0x0000000008005e10                USBD_CtlPrepareRx
 .text.USBD_CtlContinueRx
                0x0000000008005e4c       0x24 Middlewares/ST/STM32_USB_Device_Library/Core/Src/usbd_ioreq.o
                0x0000000008005e4c                USBD_CtlContinueRx
 .text.USBD_CtlSendStatus
                0x0000000008005e70       0x26 Middlewares/ST/STM32_USB_Device_Library/Core/Src/usbd_ioreq.o
                0x0000000008005e70                USBD_CtlSendStatus
 .text.USBD_CtlReceiveStatus
                0x0000000008005e96       0x26 Middlewares/ST/STM32_USB_Device_Library/Core/Src/usbd_ioreq.o
                0x0000000008005e96                USBD_CtlReceiveStatus
 .text.MX_USB_DEVICE_Init
                0x0000000008005ebc       0x60 USB_DEVICE/App/usb_device.o
                0x0000000008005ebc                MX_USB_DEVICE_Init
 .text.CDC_Init_FS
                0x0000000008005f1c       0x28 USB_DEVICE/App/usbd_cdc_if.o
 .text.CDC_DeInit_FS
                0x0000000008005f44        0xe USB_DEVICE/App/usbd_cdc_if.o
 *fill*         0x0000000008005f52        0x2 
 .text.CDC_Control_FS
                0x0000000008005f54       0xe4 USB_DEVICE/App/usbd_cdc_if.o
 .text.CDC_Receive_FS
                0x0000000008006038      0x22c USB_DEVICE/App/usbd_cdc_if.o
 .text.CDC_Transmit_FS
                0x0000000008006264       0x4c USB_DEVICE/App/usbd_cdc_if.o
                0x0000000008006264                CDC_Transmit_FS
 .text.USBD_FS_DeviceDescriptor
                0x00000000080062b0       0x24 USB_DEVICE/App/usbd_desc.o
                0x00000000080062b0                USBD_FS_DeviceDescriptor
 .text.USBD_FS_LangIDStrDescriptor
                0x00000000080062d4       0x24 USB_DEVICE/App/usbd_desc.o
                0x00000000080062d4                USBD_FS_LangIDStrDescriptor
 .text.USBD_FS_ProductStrDescriptor
                0x00000000080062f8       0x3c USB_DEVICE/App/usbd_desc.o
                0x00000000080062f8                USBD_FS_ProductStrDescriptor
 .text.USBD_FS_ManufacturerStrDescriptor
                0x0000000008006334       0x28 USB_DEVICE/App/usbd_desc.o
                0x0000000008006334                USBD_FS_ManufacturerStrDescriptor
 .text.USBD_FS_SerialStrDescriptor
                0x000000000800635c       0x24 USB_DEVICE/App/usbd_desc.o
                0x000000000800635c                USBD_FS_SerialStrDescriptor
 .text.USBD_FS_ConfigStrDescriptor
                0x0000000008006380       0x3c USB_DEVICE/App/usbd_desc.o
                0x0000000008006380                USBD_FS_ConfigStrDescriptor
 .text.USBD_FS_InterfaceStrDescriptor
                0x00000000080063bc       0x3c USB_DEVICE/App/usbd_desc.o
                0x00000000080063bc                USBD_FS_InterfaceStrDescriptor
 .text.Get_SerialNum
                0x00000000080063f8       0x58 USB_DEVICE/App/usbd_desc.o
 .text.IntToUnicode
                0x0000000008006450       0x7a USB_DEVICE/App/usbd_desc.o
 *fill*         0x00000000080064ca        0x2 
 .text.HAL_PCD_MspInit
                0x00000000080064cc       0x4c USB_DEVICE/Target/usbd_conf.o
                0x00000000080064cc                HAL_PCD_MspInit
 .text.HAL_PCD_SetupStageCallback
                0x0000000008006518       0x24 USB_DEVICE/Target/usbd_conf.o
                0x0000000008006518                HAL_PCD_SetupStageCallback
 .text.HAL_PCD_DataOutStageCallback
                0x000000000800653c       0x30 USB_DEVICE/Target/usbd_conf.o
                0x000000000800653c                HAL_PCD_DataOutStageCallback
 .text.HAL_PCD_DataInStageCallback
                0x000000000800656c       0x2e USB_DEVICE/Target/usbd_conf.o
                0x000000000800656c                HAL_PCD_DataInStageCallback
 .text.HAL_PCD_SOFCallback
                0x000000000800659a       0x1c USB_DEVICE/Target/usbd_conf.o
                0x000000000800659a                HAL_PCD_SOFCallback
 .text.HAL_PCD_ResetCallback
                0x00000000080065b6       0x3c USB_DEVICE/Target/usbd_conf.o
                0x00000000080065b6                HAL_PCD_ResetCallback
 *fill*         0x00000000080065f2        0x2 
 .text.HAL_PCD_SuspendCallback
                0x00000000080065f4       0x34 USB_DEVICE/Target/usbd_conf.o
                0x00000000080065f4                HAL_PCD_SuspendCallback
 .text.HAL_PCD_ResumeCallback
                0x0000000008006628       0x1c USB_DEVICE/Target/usbd_conf.o
                0x0000000008006628                HAL_PCD_ResumeCallback
 .text.USBD_LL_Init
                0x0000000008006644       0xb4 USB_DEVICE/Target/usbd_conf.o
                0x0000000008006644                USBD_LL_Init
 .text.USBD_LL_Start
                0x00000000080066f8       0x36 USB_DEVICE/Target/usbd_conf.o
                0x00000000080066f8                USBD_LL_Start
 .text.USBD_LL_OpenEP
                0x000000000800672e       0x4c USB_DEVICE/Target/usbd_conf.o
                0x000000000800672e                USBD_LL_OpenEP
 .text.USBD_LL_CloseEP
                0x000000000800677a       0x3e USB_DEVICE/Target/usbd_conf.o
                0x000000000800677a                USBD_LL_CloseEP
 .text.USBD_LL_StallEP
                0x00000000080067b8       0x3e USB_DEVICE/Target/usbd_conf.o
                0x00000000080067b8                USBD_LL_StallEP
 .text.USBD_LL_ClearStallEP
                0x00000000080067f6       0x3e USB_DEVICE/Target/usbd_conf.o
                0x00000000080067f6                USBD_LL_ClearStallEP
 .text.USBD_LL_IsStallEP
                0x0000000008006834       0x4a USB_DEVICE/Target/usbd_conf.o
                0x0000000008006834                USBD_LL_IsStallEP
 .text.USBD_LL_SetUSBAddress
                0x000000000800687e       0x3e USB_DEVICE/Target/usbd_conf.o
                0x000000000800687e                USBD_LL_SetUSBAddress
 .text.USBD_LL_Transmit
                0x00000000080068bc       0x46 USB_DEVICE/Target/usbd_conf.o
                0x00000000080068bc                USBD_LL_Transmit
 .text.USBD_LL_PrepareReceive
                0x0000000008006902       0x46 USB_DEVICE/Target/usbd_conf.o
                0x0000000008006902                USBD_LL_PrepareReceive
 .text.USBD_LL_GetRxDataSize
                0x0000000008006948       0x26 USB_DEVICE/Target/usbd_conf.o
                0x0000000008006948                USBD_LL_GetRxDataSize
 *fill*         0x000000000800696e        0x2 
 .text.USBD_static_malloc
                0x0000000008006970       0x18 USB_DEVICE/Target/usbd_conf.o
                0x0000000008006970                USBD_static_malloc
 .text.USBD_static_free
                0x0000000008006988       0x12 USB_DEVICE/Target/usbd_conf.o
                0x0000000008006988                USBD_static_free
 .text.HAL_PCDEx_SetConnectionState
                0x000000000800699a       0x16 USB_DEVICE/Target/usbd_conf.o
                0x000000000800699a                HAL_PCDEx_SetConnectionState
 .text.USBD_Get_USB_Status
                0x00000000080069b0       0x58 USB_DEVICE/Target/usbd_conf.o
 .text.__libc_init_array
                0x0000000008006a08       0x48 c:/st/stm32cubeide_1.4.0/stm32cubeide/plugins/com.st.stm32cube.ide.mcu.externaltools.gnu-tools-for-stm32.7-2018-q2-update.win32_1.4.0.202007081208/tools/bin/../lib/gcc/arm-none-eabi/7.3.1/../../../../arm-none-eabi/lib/thumb/v7-m\libc_nano.a(lib_a-init.o)
                0x0000000008006a08                __libc_init_array
 .text.memset   0x0000000008006a50       0x10 c:/st/stm32cubeide_1.4.0/stm32cubeide/plugins/com.st.stm32cube.ide.mcu.externaltools.gnu-tools-for-stm32.7-2018-q2-update.win32_1.4.0.202007081208/tools/bin/../lib/gcc/arm-none-eabi/7.3.1/../../../../arm-none-eabi/lib/thumb/v7-m\libc_nano.a(lib_a-memset.o)
                0x0000000008006a50                memset
 *(.glue_7)
 .glue_7        0x0000000008006a60        0x0 linker stubs
 *(.glue_7t)
 .glue_7t       0x0000000008006a60        0x0 linker stubs
 *(.eh_frame)
 .eh_frame      0x0000000008006a60        0x0 c:/st/stm32cubeide_1.4.0/stm32cubeide/plugins/com.st.stm32cube.ide.mcu.externaltools.gnu-tools-for-stm32.7-2018-q2-update.win32_1.4.0.202007081208/tools/bin/../lib/gcc/arm-none-eabi/7.3.1/thumb/v7-m/crtbegin.o
 *(.init)
 .init          0x0000000008006a60        0x4 c:/st/stm32cubeide_1.4.0/stm32cubeide/plugins/com.st.stm32cube.ide.mcu.externaltools.gnu-tools-for-stm32.7-2018-q2-update.win32_1.4.0.202007081208/tools/bin/../lib/gcc/arm-none-eabi/7.3.1/thumb/v7-m/crti.o
                0x0000000008006a60                _init
 .init          0x0000000008006a64        0x8 c:/st/stm32cubeide_1.4.0/stm32cubeide/plugins/com.st.stm32cube.ide.mcu.externaltools.gnu-tools-for-stm32.7-2018-q2-update.win32_1.4.0.202007081208/tools/bin/../lib/gcc/arm-none-eabi/7.3.1/thumb/v7-m/crtn.o
 *(.fini)
 .fini          0x0000000008006a6c        0x4 c:/st/stm32cubeide_1.4.0/stm32cubeide/plugins/com.st.stm32cube.ide.mcu.externaltools.gnu-tools-for-stm32.7-2018-q2-update.win32_1.4.0.202007081208/tools/bin/../lib/gcc/arm-none-eabi/7.3.1/thumb/v7-m/crti.o
                0x0000000008006a6c                _fini
 .fini          0x0000000008006a70        0x8 c:/st/stm32cubeide_1.4.0/stm32cubeide/plugins/com.st.stm32cube.ide.mcu.externaltools.gnu-tools-for-stm32.7-2018-q2-update.win32_1.4.0.202007081208/tools/bin/../lib/gcc/arm-none-eabi/7.3.1/thumb/v7-m/crtn.o
                0x0000000008006a78                . = ALIGN (0x4)
                0x0000000008006a78                _etext = .

.vfp11_veneer   0x0000000008006a78        0x0
 .vfp11_veneer  0x0000000008006a78        0x0 linker stubs

.v4_bx          0x0000000008006a78        0x0
 .v4_bx         0x0000000008006a78        0x0 linker stubs

.iplt           0x0000000008006a78        0x0
 .iplt          0x0000000008006a78        0x0 c:/st/stm32cubeide_1.4.0/stm32cubeide/plugins/com.st.stm32cube.ide.mcu.externaltools.gnu-tools-for-stm32.7-2018-q2-update.win32_1.4.0.202007081208/tools/bin/../lib/gcc/arm-none-eabi/7.3.1/thumb/v7-m/crtbegin.o

.rodata         0x0000000008006a78       0x6c
                0x0000000008006a78                . = ALIGN (0x4)
 *(.rodata)
 .rodata        0x0000000008006a78       0x12 Drivers/STM32F1xx_HAL_Driver/Src/stm32f1xx_hal_rcc.o
 *fill*         0x0000000008006a8a        0x2 
 .rodata        0x0000000008006a8c       0x46 USB_DEVICE/App/usbd_desc.o
 *(.rodata*)
 *fill*         0x0000000008006ad2        0x2 
 .rodata.AHBPrescTable
                0x0000000008006ad4       0x10 Core/Src/system_stm32f1xx.o
                0x0000000008006ad4                AHBPrescTable
                0x0000000008006ae4                . = ALIGN (0x4)

.rel.dyn        0x0000000008006ae4        0x0
 .rel.iplt      0x0000000008006ae4        0x0 c:/st/stm32cubeide_1.4.0/stm32cubeide/plugins/com.st.stm32cube.ide.mcu.externaltools.gnu-tools-for-stm32.7-2018-q2-update.win32_1.4.0.202007081208/tools/bin/../lib/gcc/arm-none-eabi/7.3.1/thumb/v7-m/crtbegin.o

.ARM.extab      0x0000000008006ae4        0x0
                0x0000000008006ae4                . = ALIGN (0x4)
 *(.ARM.extab* .gnu.linkonce.armextab.*)
                0x0000000008006ae4                . = ALIGN (0x4)

.ARM            0x0000000008006ae4        0x0
                0x0000000008006ae4                . = ALIGN (0x4)
                0x0000000008006ae4                __exidx_start = .
 *(.ARM.exidx*)
                0x0000000008006ae4                __exidx_end = .
                0x0000000008006ae4                . = ALIGN (0x4)

.preinit_array  0x0000000008006ae4        0x0
                0x0000000008006ae4                . = ALIGN (0x4)
                0x0000000008006ae4                PROVIDE (__preinit_array_start = .)
 *(.preinit_array*)
                0x0000000008006ae4                PROVIDE (__preinit_array_end = .)
                0x0000000008006ae4                . = ALIGN (0x4)

.init_array     0x0000000008006ae4        0x4
                0x0000000008006ae4                . = ALIGN (0x4)
                0x0000000008006ae4                PROVIDE (__init_array_start = .)
 *(SORT_BY_NAME(.init_array.*))
 *(.init_array*)
 .init_array    0x0000000008006ae4        0x4 c:/st/stm32cubeide_1.4.0/stm32cubeide/plugins/com.st.stm32cube.ide.mcu.externaltools.gnu-tools-for-stm32.7-2018-q2-update.win32_1.4.0.202007081208/tools/bin/../lib/gcc/arm-none-eabi/7.3.1/thumb/v7-m/crtbegin.o
                0x0000000008006ae8                PROVIDE (__init_array_end = .)
                0x0000000008006ae8                . = ALIGN (0x4)

.fini_array     0x0000000008006ae8        0x4
                0x0000000008006ae8                . = ALIGN (0x4)
                [!provide]                        PROVIDE (__fini_array_start = .)
 *(SORT_BY_NAME(.fini_array.*))
 *(.fini_array*)
 .fini_array    0x0000000008006ae8        0x4 c:/st/stm32cubeide_1.4.0/stm32cubeide/plugins/com.st.stm32cube.ide.mcu.externaltools.gnu-tools-for-stm32.7-2018-q2-update.win32_1.4.0.202007081208/tools/bin/../lib/gcc/arm-none-eabi/7.3.1/thumb/v7-m/crtbegin.o
                [!provide]                        PROVIDE (__fini_array_end = .)
                0x0000000008006aec                . = ALIGN (0x4)
                0x0000000008006aec                _sidata = LOADADDR (.data)

.data           0x0000000020000000      0x184 load address 0x0000000008006aec
                0x0000000020000000                . = ALIGN (0x4)
                0x0000000020000000                _sdata = .
 *(.data)
 *(.data*)
 .data.SystemCoreClock
                0x0000000020000000        0x4 Core/Src/system_stm32f1xx.o
                0x0000000020000000                SystemCoreClock
 .data.uwTickPrio
                0x0000000020000004        0x4 Drivers/STM32F1xx_HAL_Driver/Src/stm32f1xx_hal.o
                0x0000000020000004                uwTickPrio
 .data.uwTickFreq
                0x0000000020000008        0x1 Drivers/STM32F1xx_HAL_Driver/Src/stm32f1xx_hal.o
                0x0000000020000008                uwTickFreq
 *fill*         0x0000000020000009        0x3 
 .data.USBD_CDC_DeviceQualifierDesc
                0x000000002000000c        0xa Middlewares/ST/STM32_USB_Device_Library/Class/CDC/Src/usbd_cdc.o
 *fill*         0x0000000020000016        0x2 
 .data.USBD_CDC
                0x0000000020000018       0x38 Middlewares/ST/STM32_USB_Device_Library/Class/CDC/Src/usbd_cdc.o
                0x0000000020000018                USBD_CDC
 .data.USBD_CDC_CfgHSDesc
                0x0000000020000050       0x43 Middlewares/ST/STM32_USB_Device_Library/Class/CDC/Src/usbd_cdc.o
                0x0000000020000050                USBD_CDC_CfgHSDesc
 *fill*         0x0000000020000093        0x1 
 .data.USBD_CDC_CfgFSDesc
                0x0000000020000094       0x43 Middlewares/ST/STM32_USB_Device_Library/Class/CDC/Src/usbd_cdc.o
                0x0000000020000094                USBD_CDC_CfgFSDesc
 *fill*         0x00000000200000d7        0x1 
 .data.USBD_CDC_OtherSpeedCfgDesc
                0x00000000200000d8       0x43 Middlewares/ST/STM32_USB_Device_Library/Class/CDC/Src/usbd_cdc.o
                0x00000000200000d8                USBD_CDC_OtherSpeedCfgDesc
 *fill*         0x000000002000011b        0x1 
 .data.USBD_Interface_fops_FS
                0x000000002000011c       0x10 USB_DEVICE/App/usbd_cdc_if.o
                0x000000002000011c                USBD_Interface_fops_FS
 .data.lineCoding.8092
                0x000000002000012c        0x7 USB_DEVICE/App/usbd_cdc_if.o
 *fill*         0x0000000020000133        0x1 
 .data.FS_Desc  0x0000000020000134       0x1c USB_DEVICE/App/usbd_desc.o
                0x0000000020000134                FS_Desc
 .data.USBD_FS_DeviceDesc
                0x0000000020000150       0x12 USB_DEVICE/App/usbd_desc.o
                0x0000000020000150                USBD_FS_DeviceDesc
 *fill*         0x0000000020000162        0x2 
 .data.USBD_LangIDDesc
                0x0000000020000164        0x4 USB_DEVICE/App/usbd_desc.o
                0x0000000020000164                USBD_LangIDDesc
 .data.USBD_StringSerial
                0x0000000020000168       0x1a USB_DEVICE/App/usbd_desc.o
                0x0000000020000168                USBD_StringSerial
                0x0000000020000184                . = ALIGN (0x4)
 *fill*         0x0000000020000182        0x2 
                0x0000000020000184                _edata = .

.igot.plt       0x0000000020000184        0x0 load address 0x0000000008006c70
 .igot.plt      0x0000000020000184        0x0 c:/st/stm32cubeide_1.4.0/stm32cubeide/plugins/com.st.stm32cube.ide.mcu.externaltools.gnu-tools-for-stm32.7-2018-q2-update.win32_1.4.0.202007081208/tools/bin/../lib/gcc/arm-none-eabi/7.3.1/thumb/v7-m/crtbegin.o
                0x0000000020000184                . = ALIGN (0x4)

.bss            0x0000000020000184     0x14a4 load address 0x0000000008006c70
                0x0000000020000184                _sbss = .
                0x0000000020000184                __bss_start__ = _sbss
 *(.bss)
 .bss           0x0000000020000184       0x1c c:/st/stm32cubeide_1.4.0/stm32cubeide/plugins/com.st.stm32cube.ide.mcu.externaltools.gnu-tools-for-stm32.7-2018-q2-update.win32_1.4.0.202007081208/tools/bin/../lib/gcc/arm-none-eabi/7.3.1/thumb/v7-m/crtbegin.o
 *(.bss*)
 .bss.mode_control
                0x00000000200001a0        0x4 Core/Src/main.o
                0x00000000200001a0                mode_control
 .bss.next_block
                0x00000000200001a4        0x4 Core/Src/main.o
                0x00000000200001a4                next_block
 .bss.ready     0x00000000200001a8        0x4 Core/Src/main.o
                0x00000000200001a8                ready
 .bss.cfgidx.8117
                0x00000000200001ac        0x1 Middlewares/ST/STM32_USB_Device_Library/Core/Src/usbd_ctlreq.o
 *fill*         0x00000000200001ad        0x3 
 .bss.mem.8185  0x00000000200001b0      0x220 USB_DEVICE/Target/usbd_conf.o
 *(COMMON)
 COMMON         0x00000000200003d0      0x350 Core/Src/main.o
                0x00000000200003d0                buffer_addr
                0x00000000200003d4                buffer_write_addr
                0x00000000200003d8                memory_mode
                0x00000000200003dc                mem_buffer
                0x00000000200005dc                addr_write
                0x00000000200005e0                htim1
                0x0000000020000620                write_buffer
 COMMON         0x0000000020000720        0x4 Drivers/STM32F1xx_HAL_Driver/Src/stm32f1xx_hal.o
                0x0000000020000720                uwTick
 COMMON         0x0000000020000724      0x2c4 USB_DEVICE/App/usb_device.o
                0x0000000020000724                hUsbDeviceFS
 COMMON         0x00000000200009e8      0x7d4 USB_DEVICE/App/usbd_cdc_if.o
                0x00000000200009e8                copy
                0x00000000200009ec                UserRxBufferFS
                0x0000000020000dd4                UserTxBufferFS
 COMMON         0x00000000200011bc      0x200 USB_DEVICE/App/usbd_desc.o
                0x00000000200011bc                USBD_StrDesc
 COMMON         0x00000000200013bc      0x26c USB_DEVICE/Target/usbd_conf.o
                0x00000000200013bc                hpcd_USB_FS
                0x0000000020001628                . = ALIGN (0x4)
                0x0000000020001628                _ebss = .
                0x0000000020001628                __bss_end__ = _ebss

._user_heap_stack
                0x0000000020001628     0x1000 load address 0x0000000008006c70
                0x0000000020001628                . = ALIGN (0x8)
                [!provide]                        PROVIDE (end = .)
                0x0000000020001628                PROVIDE (_end = .)
                0x0000000020001e28                . = (. + _Min_Heap_Size)
 *fill*         0x0000000020001628      0x800 
                0x0000000020002628                . = (. + _Min_Stack_Size)
 *fill*         0x0000000020001e28      0x800 
                0x0000000020002628                . = ALIGN (0x8)

/DISCARD/
 libc.a(*)
 libm.a(*)
 libgcc.a(*)

.ARM.attributes
                0x0000000000000000       0x29
 *(.ARM.attributes)
 .ARM.attributes
                0x0000000000000000       0x1d c:/st/stm32cubeide_1.4.0/stm32cubeide/plugins/com.st.stm32cube.ide.mcu.externaltools.gnu-tools-for-stm32.7-2018-q2-update.win32_1.4.0.202007081208/tools/bin/../lib/gcc/arm-none-eabi/7.3.1/thumb/v7-m/crti.o
 .ARM.attributes
                0x000000000000001d       0x2d c:/st/stm32cubeide_1.4.0/stm32cubeide/plugins/com.st.stm32cube.ide.mcu.externaltools.gnu-tools-for-stm32.7-2018-q2-update.win32_1.4.0.202007081208/tools/bin/../lib/gcc/arm-none-eabi/7.3.1/thumb/v7-m/crtbegin.o
 .ARM.attributes
                0x000000000000004a       0x33 Core/Src/main.o
 .ARM.attributes
                0x000000000000007d       0x33 Core/Src/stm32f1xx_hal_msp.o
 .ARM.attributes
                0x00000000000000b0       0x33 Core/Src/stm32f1xx_it.o
 .ARM.attributes
                0x00000000000000e3       0x33 Core/Src/system_stm32f1xx.o
 .ARM.attributes
                0x0000000000000116       0x21 Core/Startup/startup_stm32f103c8tx.o
 .ARM.attributes
                0x0000000000000137       0x33 Drivers/STM32F1xx_HAL_Driver/Src/stm32f1xx_hal.o
 .ARM.attributes
                0x000000000000016a       0x33 Drivers/STM32F1xx_HAL_Driver/Src/stm32f1xx_hal_cortex.o
 .ARM.attributes
                0x000000000000019d       0x33 Drivers/STM32F1xx_HAL_Driver/Src/stm32f1xx_hal_gpio.o
 .ARM.attributes
                0x00000000000001d0       0x33 Drivers/STM32F1xx_HAL_Driver/Src/stm32f1xx_hal_pcd.o
 .ARM.attributes
                0x0000000000000203       0x33 Drivers/STM32F1xx_HAL_Driver/Src/stm32f1xx_hal_pcd_ex.o
 .ARM.attributes
                0x0000000000000236       0x33 Drivers/STM32F1xx_HAL_Driver/Src/stm32f1xx_hal_rcc.o
 .ARM.attributes
                0x0000000000000269       0x33 Drivers/STM32F1xx_HAL_Driver/Src/stm32f1xx_hal_rcc_ex.o
 .ARM.attributes
                0x000000000000029c       0x33 Drivers/STM32F1xx_HAL_Driver/Src/stm32f1xx_hal_tim.o
 .ARM.attributes
                0x00000000000002cf       0x33 Drivers/STM32F1xx_HAL_Driver/Src/stm32f1xx_hal_tim_ex.o
 .ARM.attributes
                0x0000000000000302       0x33 Drivers/STM32F1xx_HAL_Driver/Src/stm32f1xx_ll_usb.o
 .ARM.attributes
                0x0000000000000335       0x33 Middlewares/ST/STM32_USB_Device_Library/Class/CDC/Src/usbd_cdc.o
 .ARM.attributes
                0x0000000000000368       0x33 Middlewares/ST/STM32_USB_Device_Library/Core/Src/usbd_core.o
 .ARM.attributes
                0x000000000000039b       0x33 Middlewares/ST/STM32_USB_Device_Library/Core/Src/usbd_ctlreq.o
 .ARM.attributes
                0x00000000000003ce       0x33 Middlewares/ST/STM32_USB_Device_Library/Core/Src/usbd_ioreq.o
 .ARM.attributes
                0x0000000000000401       0x33 USB_DEVICE/App/usb_device.o
 .ARM.attributes
                0x0000000000000434       0x33 USB_DEVICE/App/usbd_cdc_if.o
 .ARM.attributes
                0x0000000000000467       0x33 USB_DEVICE/App/usbd_desc.o
 .ARM.attributes
                0x000000000000049a       0x33 USB_DEVICE/Target/usbd_conf.o
 .ARM.attributes
                0x00000000000004cd       0x2d c:/st/stm32cubeide_1.4.0/stm32cubeide/plugins/com.st.stm32cube.ide.mcu.externaltools.gnu-tools-for-stm32.7-2018-q2-update.win32_1.4.0.202007081208/tools/bin/../lib/gcc/arm-none-eabi/7.3.1/../../../../arm-none-eabi/lib/thumb/v7-m\libc_nano.a(lib_a-init.o)
 .ARM.attributes
                0x00000000000004fa       0x2d c:/st/stm32cubeide_1.4.0/stm32cubeide/plugins/com.st.stm32cube.ide.mcu.externaltools.gnu-tools-for-stm32.7-2018-q2-update.win32_1.4.0.202007081208/tools/bin/../lib/gcc/arm-none-eabi/7.3.1/../../../../arm-none-eabi/lib/thumb/v7-m\libc_nano.a(lib_a-memset.o)
 .ARM.attributes
                0x0000000000000527       0x1d c:/st/stm32cubeide_1.4.0/stm32cubeide/plugins/com.st.stm32cube.ide.mcu.externaltools.gnu-tools-for-stm32.7-2018-q2-update.win32_1.4.0.202007081208/tools/bin/../lib/gcc/arm-none-eabi/7.3.1/thumb/v7-m/crtn.o
OUTPUT(OpenDrive-Firmware.elf elf32-littlearm)

.debug_info     0x0000000000000000    0x14280
 .debug_info    0x0000000000000000     0x1764 Core/Src/main.o
 .debug_info    0x0000000000001764      0x7ae Core/Src/stm32f1xx_hal_msp.o
 .debug_info    0x0000000000001f12      0x681 Core/Src/stm32f1xx_it.o
 .debug_info    0x0000000000002593      0x433 Core/Src/system_stm32f1xx.o
 .debug_info    0x00000000000029c6       0x22 Core/Startup/startup_stm32f103c8tx.o
 .debug_info    0x00000000000029e8      0x6fe Drivers/STM32F1xx_HAL_Driver/Src/stm32f1xx_hal.o
 .debug_info    0x00000000000030e6      0xb46 Drivers/STM32F1xx_HAL_Driver/Src/stm32f1xx_hal_cortex.o
 .debug_info    0x0000000000003c2c      0x681 Drivers/STM32F1xx_HAL_Driver/Src/stm32f1xx_hal_gpio.o
 .debug_info    0x00000000000042ad      0xe38 Drivers/STM32F1xx_HAL_Driver/Src/stm32f1xx_hal_pcd.o
 .debug_info    0x00000000000050e5      0x760 Drivers/STM32F1xx_HAL_Driver/Src/stm32f1xx_hal_pcd_ex.o
 .debug_info    0x0000000000005845      0x804 Drivers/STM32F1xx_HAL_Driver/Src/stm32f1xx_hal_rcc.o
 .debug_info    0x0000000000006049      0x439 Drivers/STM32F1xx_HAL_Driver/Src/stm32f1xx_hal_rcc_ex.o
 .debug_info    0x0000000000006482     0x2456 Drivers/STM32F1xx_HAL_Driver/Src/stm32f1xx_hal_tim.o
 .debug_info    0x00000000000088d8     0x1104 Drivers/STM32F1xx_HAL_Driver/Src/stm32f1xx_hal_tim_ex.o
 .debug_info    0x00000000000099dc     0x14f9 Drivers/STM32F1xx_HAL_Driver/Src/stm32f1xx_ll_usb.o
 .debug_info    0x000000000000aed5     0x1791 Middlewares/ST/STM32_USB_Device_Library/Class/CDC/Src/usbd_cdc.o
 .debug_info    0x000000000000c666     0x11c2 Middlewares/ST/STM32_USB_Device_Library/Core/Src/usbd_core.o
 .debug_info    0x000000000000d828     0x1132 Middlewares/ST/STM32_USB_Device_Library/Core/Src/usbd_ctlreq.o
 .debug_info    0x000000000000e95a      0xf23 Middlewares/ST/STM32_USB_Device_Library/Core/Src/usbd_ioreq.o
 .debug_info    0x000000000000f87d      0xe6b USB_DEVICE/App/usb_device.o
 .debug_info    0x00000000000106e8     0x10fc USB_DEVICE/App/usbd_cdc_if.o
 .debug_info    0x00000000000117e4      0xd07 USB_DEVICE/App/usbd_desc.o
 .debug_info    0x00000000000124eb     0x1d95 USB_DEVICE/Target/usbd_conf.o

.debug_abbrev   0x0000000000000000     0x2f01
 .debug_abbrev  0x0000000000000000      0x349 Core/Src/main.o
 .debug_abbrev  0x0000000000000349      0x18e Core/Src/stm32f1xx_hal_msp.o
 .debug_abbrev  0x00000000000004d7      0x155 Core/Src/stm32f1xx_it.o
 .debug_abbrev  0x000000000000062c      0x134 Core/Src/system_stm32f1xx.o
 .debug_abbrev  0x0000000000000760       0x12 Core/Startup/startup_stm32f103c8tx.o
 .debug_abbrev  0x0000000000000772      0x1d8 Drivers/STM32F1xx_HAL_Driver/Src/stm32f1xx_hal.o
 .debug_abbrev  0x000000000000094a      0x2d5 Drivers/STM32F1xx_HAL_Driver/Src/stm32f1xx_hal_cortex.o
 .debug_abbrev  0x0000000000000c1f      0x1c0 Drivers/STM32F1xx_HAL_Driver/Src/stm32f1xx_hal_gpio.o
 .debug_abbrev  0x0000000000000ddf      0x263 Drivers/STM32F1xx_HAL_Driver/Src/stm32f1xx_hal_pcd.o
 .debug_abbrev  0x0000000000001042      0x188 Drivers/STM32F1xx_HAL_Driver/Src/stm32f1xx_hal_pcd_ex.o
 .debug_abbrev  0x00000000000011ca      0x243 Drivers/STM32F1xx_HAL_Driver/Src/stm32f1xx_hal_rcc.o
 .debug_abbrev  0x000000000000140d      0x175 Drivers/STM32F1xx_HAL_Driver/Src/stm32f1xx_hal_rcc_ex.o
 .debug_abbrev  0x0000000000001582      0x230 Drivers/STM32F1xx_HAL_Driver/Src/stm32f1xx_hal_tim.o
 .debug_abbrev  0x00000000000017b2      0x21e Drivers/STM32F1xx_HAL_Driver/Src/stm32f1xx_hal_tim_ex.o
 .debug_abbrev  0x00000000000019d0      0x1c5 Drivers/STM32F1xx_HAL_Driver/Src/stm32f1xx_ll_usb.o
 .debug_abbrev  0x0000000000001b95      0x2b6 Middlewares/ST/STM32_USB_Device_Library/Class/CDC/Src/usbd_cdc.o
 .debug_abbrev  0x0000000000001e4b      0x270 Middlewares/ST/STM32_USB_Device_Library/Core/Src/usbd_core.o
 .debug_abbrev  0x00000000000020bb      0x2a0 Middlewares/ST/STM32_USB_Device_Library/Core/Src/usbd_ctlreq.o
 .debug_abbrev  0x000000000000235b      0x1e0 Middlewares/ST/STM32_USB_Device_Library/Core/Src/usbd_ioreq.o
 .debug_abbrev  0x000000000000253b      0x1be USB_DEVICE/App/usb_device.o
 .debug_abbrev  0x00000000000026f9      0x29d USB_DEVICE/App/usbd_cdc_if.o
 .debug_abbrev  0x0000000000002996      0x290 USB_DEVICE/App/usbd_desc.o
 .debug_abbrev  0x0000000000002c26      0x2db USB_DEVICE/Target/usbd_conf.o

.debug_aranges  0x0000000000000000      0xfe8
 .debug_aranges
                0x0000000000000000       0xb8 Core/Src/main.o
 .debug_aranges
                0x00000000000000b8       0x30 Core/Src/stm32f1xx_hal_msp.o
 .debug_aranges
                0x00000000000000e8       0x68 Core/Src/stm32f1xx_it.o
 .debug_aranges
                0x0000000000000150       0x28 Core/Src/system_stm32f1xx.o
 .debug_aranges
                0x0000000000000178       0x28 Core/Startup/startup_stm32f103c8tx.o
 .debug_aranges
                0x00000000000001a0       0xe0 Drivers/STM32F1xx_HAL_Driver/Src/stm32f1xx_hal.o
 .debug_aranges
                0x0000000000000280      0x100 Drivers/STM32F1xx_HAL_Driver/Src/stm32f1xx_hal_cortex.o
 .debug_aranges
                0x0000000000000380       0x58 Drivers/STM32F1xx_HAL_Driver/Src/stm32f1xx_hal_gpio.o
 .debug_aranges
                0x00000000000003d8      0x120 Drivers/STM32F1xx_HAL_Driver/Src/stm32f1xx_hal_pcd.o
 .debug_aranges
                0x00000000000004f8       0x38 Drivers/STM32F1xx_HAL_Driver/Src/stm32f1xx_hal_pcd_ex.o
 .debug_aranges
                0x0000000000000530       0x90 Drivers/STM32F1xx_HAL_Driver/Src/stm32f1xx_hal_rcc.o
 .debug_aranges
                0x00000000000005c0       0x30 Drivers/STM32F1xx_HAL_Driver/Src/stm32f1xx_hal_rcc_ex.o
 .debug_aranges
                0x00000000000005f0      0x3a8 Drivers/STM32F1xx_HAL_Driver/Src/stm32f1xx_hal_tim.o
 .debug_aranges
                0x0000000000000998      0x150 Drivers/STM32F1xx_HAL_Driver/Src/stm32f1xx_hal_tim_ex.o
 .debug_aranges
                0x0000000000000ae8      0x108 Drivers/STM32F1xx_HAL_Driver/Src/stm32f1xx_ll_usb.o
 .debug_aranges
                0x0000000000000bf0       0x90 Middlewares/ST/STM32_USB_Device_Library/Class/CDC/Src/usbd_cdc.o
 .debug_aranges
                0x0000000000000c80       0xb8 Middlewares/ST/STM32_USB_Device_Library/Core/Src/usbd_core.o
 .debug_aranges
                0x0000000000000d38       0x88 Middlewares/ST/STM32_USB_Device_Library/Core/Src/usbd_ctlreq.o
 .debug_aranges
                0x0000000000000dc0       0x50 Middlewares/ST/STM32_USB_Device_Library/Core/Src/usbd_ioreq.o
 .debug_aranges
                0x0000000000000e10       0x20 USB_DEVICE/App/usb_device.o
 .debug_aranges
                0x0000000000000e30       0x40 USB_DEVICE/App/usbd_cdc_if.o
 .debug_aranges
                0x0000000000000e70       0x60 USB_DEVICE/App/usbd_desc.o
 .debug_aranges
                0x0000000000000ed0      0x118 USB_DEVICE/Target/usbd_conf.o

.debug_ranges   0x0000000000000000      0xe80
 .debug_ranges  0x0000000000000000       0xa8 Core/Src/main.o
 .debug_ranges  0x00000000000000a8       0x20 Core/Src/stm32f1xx_hal_msp.o
 .debug_ranges  0x00000000000000c8       0x58 Core/Src/stm32f1xx_it.o
 .debug_ranges  0x0000000000000120       0x18 Core/Src/system_stm32f1xx.o
 .debug_ranges  0x0000000000000138       0x20 Core/Startup/startup_stm32f103c8tx.o
 .debug_ranges  0x0000000000000158       0xd0 Drivers/STM32F1xx_HAL_Driver/Src/stm32f1xx_hal.o
 .debug_ranges  0x0000000000000228       0xf0 Drivers/STM32F1xx_HAL_Driver/Src/stm32f1xx_hal_cortex.o
 .debug_ranges  0x0000000000000318       0x48 Drivers/STM32F1xx_HAL_Driver/Src/stm32f1xx_hal_gpio.o
 .debug_ranges  0x0000000000000360      0x110 Drivers/STM32F1xx_HAL_Driver/Src/stm32f1xx_hal_pcd.o
 .debug_ranges  0x0000000000000470       0x28 Drivers/STM32F1xx_HAL_Driver/Src/stm32f1xx_hal_pcd_ex.o
 .debug_ranges  0x0000000000000498       0x80 Drivers/STM32F1xx_HAL_Driver/Src/stm32f1xx_hal_rcc.o
 .debug_ranges  0x0000000000000518       0x20 Drivers/STM32F1xx_HAL_Driver/Src/stm32f1xx_hal_rcc_ex.o
 .debug_ranges  0x0000000000000538      0x398 Drivers/STM32F1xx_HAL_Driver/Src/stm32f1xx_hal_tim.o
 .debug_ranges  0x00000000000008d0      0x140 Drivers/STM32F1xx_HAL_Driver/Src/stm32f1xx_hal_tim_ex.o
 .debug_ranges  0x0000000000000a10       0xf8 Drivers/STM32F1xx_HAL_Driver/Src/stm32f1xx_ll_usb.o
 .debug_ranges  0x0000000000000b08       0x80 Middlewares/ST/STM32_USB_Device_Library/Class/CDC/Src/usbd_cdc.o
 .debug_ranges  0x0000000000000b88       0xa8 Middlewares/ST/STM32_USB_Device_Library/Core/Src/usbd_core.o
 .debug_ranges  0x0000000000000c30       0x78 Middlewares/ST/STM32_USB_Device_Library/Core/Src/usbd_ctlreq.o
 .debug_ranges  0x0000000000000ca8       0x40 Middlewares/ST/STM32_USB_Device_Library/Core/Src/usbd_ioreq.o
 .debug_ranges  0x0000000000000ce8       0x10 USB_DEVICE/App/usb_device.o
 .debug_ranges  0x0000000000000cf8       0x30 USB_DEVICE/App/usbd_cdc_if.o
 .debug_ranges  0x0000000000000d28       0x50 USB_DEVICE/App/usbd_desc.o
 .debug_ranges  0x0000000000000d78      0x108 USB_DEVICE/Target/usbd_conf.o

.debug_macro    0x0000000000000000    0x16fa2
 .debug_macro   0x0000000000000000      0x44d Core/Src/main.o
 .debug_macro   0x000000000000044d      0xa5a Core/Src/main.o
 .debug_macro   0x0000000000000ea7      0x21b Core/Src/main.o
 .debug_macro   0x00000000000010c2       0x2e Core/Src/main.o
 .debug_macro   0x00000000000010f0       0x22 Core/Src/main.o
 .debug_macro   0x0000000000001112       0x22 Core/Src/main.o
 .debug_macro   0x0000000000001134       0x8e Core/Src/main.o
 .debug_macro   0x00000000000011c2       0x51 Core/Src/main.o
 .debug_macro   0x0000000000001213       0xef Core/Src/main.o
 .debug_macro   0x0000000000001302       0x6a Core/Src/main.o
 .debug_macro   0x000000000000136c      0x1df Core/Src/main.o
 .debug_macro   0x000000000000154b       0x1c Core/Src/main.o
 .debug_macro   0x0000000000001567       0x22 Core/Src/main.o
 .debug_macro   0x0000000000001589       0xc3 Core/Src/main.o
 .debug_macro   0x000000000000164c      0xd23 Core/Src/main.o
 .debug_macro   0x000000000000236f     0xe09e Core/Src/main.o
 .debug_macro   0x000000000001040d       0x43 Core/Src/main.o
 .debug_macro   0x0000000000010450      0x174 Core/Src/main.o
 .debug_macro   0x00000000000105c4       0x5a Core/Src/main.o
 .debug_macro   0x000000000001061e      0x5be Core/Src/main.o
 .debug_macro   0x0000000000010bdc      0x289 Core/Src/main.o
 .debug_macro   0x0000000000010e65      0x1cb Core/Src/main.o
 .debug_macro   0x0000000000011030      0x114 Core/Src/main.o
 .debug_macro   0x0000000000011144      0x1b2 Core/Src/main.o
 .debug_macro   0x00000000000112f6       0x27 Core/Src/main.o
 .debug_macro   0x000000000001131d      0x136 Core/Src/main.o
 .debug_macro   0x0000000000011453      0x1bc Core/Src/main.o
 .debug_macro   0x000000000001160f       0x34 Core/Src/main.o
 .debug_macro   0x0000000000011643       0x3c Core/Src/main.o
 .debug_macro   0x000000000001167f       0x57 Core/Src/main.o
 .debug_macro   0x00000000000116d6       0x88 Core/Src/main.o
 .debug_macro   0x000000000001175e      0x241 Core/Src/main.o
 .debug_macro   0x000000000001199f      0x141 Core/Src/main.o
 .debug_macro   0x0000000000011ae0      0x88b Core/Src/main.o
 .debug_macro   0x000000000001236b       0x65 Core/Src/main.o
 .debug_macro   0x00000000000123d0      0x249 Core/Src/main.o
 .debug_macro   0x0000000000012619       0x83 Core/Src/main.o
 .debug_macro   0x000000000001269c       0x4c Core/Src/main.o
 .debug_macro   0x00000000000126e8       0x46 Core/Src/main.o
 .debug_macro   0x000000000001272e       0x18 Core/Src/main.o
 .debug_macro   0x0000000000012746       0x3c Core/Src/main.o
 .debug_macro   0x0000000000012782       0x34 Core/Src/main.o
 .debug_macro   0x00000000000127b6       0x16 Core/Src/main.o
 .debug_macro   0x00000000000127cc       0x35 Core/Src/main.o
 .debug_macro   0x0000000000012801      0x32a Core/Src/main.o
 .debug_macro   0x0000000000012b2b       0x10 Core/Src/main.o
 .debug_macro   0x0000000000012b3b       0x52 Core/Src/main.o
 .debug_macro   0x0000000000012b8d       0x1f Core/Src/main.o
 .debug_macro   0x0000000000012bac       0x43 Core/Src/main.o
 .debug_macro   0x0000000000012bef       0x20 Core/Src/main.o
 .debug_macro   0x0000000000012c0f      0x1a3 Core/Src/main.o
 .debug_macro   0x0000000000012db2       0x10 Core/Src/main.o
 .debug_macro   0x0000000000012dc2       0x1c Core/Src/main.o
 .debug_macro   0x0000000000012dde       0x52 Core/Src/main.o
 .debug_macro   0x0000000000012e30       0x40 Core/Src/main.o
 .debug_macro   0x0000000000012e70       0x10 Core/Src/main.o
 .debug_macro   0x0000000000012e80       0x40 Core/Src/main.o
 .debug_macro   0x0000000000012ec0       0xd7 Core/Src/main.o
 .debug_macro   0x0000000000012f97       0x1c Core/Src/main.o
 .debug_macro   0x0000000000012fb3       0x3d Core/Src/main.o
 .debug_macro   0x0000000000012ff0       0x16 Core/Src/main.o
 .debug_macro   0x0000000000013006      0x145 Core/Src/main.o
 .debug_macro   0x000000000001314b       0x16 Core/Src/main.o
 .debug_macro   0x0000000000013161       0x16 Core/Src/main.o
 .debug_macro   0x0000000000013177       0x29 Core/Src/main.o
 .debug_macro   0x00000000000131a0       0x16 Core/Src/main.o
 .debug_macro   0x00000000000131b6       0x20 Core/Src/main.o
 .debug_macro   0x00000000000131d6       0x60 Core/Src/main.o
 .debug_macro   0x0000000000013236      0x1c8 Core/Src/main.o
 .debug_macro   0x00000000000133fe      0x1c3 Core/Src/stm32f1xx_hal_msp.o
 .debug_macro   0x00000000000135c1      0x1cd Core/Src/stm32f1xx_it.o
 .debug_macro   0x000000000001378e      0x1ba Core/Src/system_stm32f1xx.o
 .debug_macro   0x0000000000013948      0x1d8 Drivers/STM32F1xx_HAL_Driver/Src/stm32f1xx_hal.o
 .debug_macro   0x0000000000013b20      0x1b4 Drivers/STM32F1xx_HAL_Driver/Src/stm32f1xx_hal_cortex.o
 .debug_macro   0x0000000000013cd4      0x21f Drivers/STM32F1xx_HAL_Driver/Src/stm32f1xx_hal_gpio.o
 .debug_macro   0x0000000000013ef3      0x1c0 Drivers/STM32F1xx_HAL_Driver/Src/stm32f1xx_hal_pcd.o
 .debug_macro   0x00000000000140b3      0x1b4 Drivers/STM32F1xx_HAL_Driver/Src/stm32f1xx_hal_pcd_ex.o
 .debug_macro   0x0000000000014267      0x1c6 Drivers/STM32F1xx_HAL_Driver/Src/stm32f1xx_hal_rcc.o
 .debug_macro   0x000000000001442d      0x1b4 Drivers/STM32F1xx_HAL_Driver/Src/stm32f1xx_hal_rcc_ex.o
 .debug_macro   0x00000000000145e1      0x1b5 Drivers/STM32F1xx_HAL_Driver/Src/stm32f1xx_hal_tim.o
 .debug_macro   0x0000000000014796      0x1b4 Drivers/STM32F1xx_HAL_Driver/Src/stm32f1xx_hal_tim_ex.o
 .debug_macro   0x000000000001494a      0x1b4 Drivers/STM32F1xx_HAL_Driver/Src/stm32f1xx_ll_usb.o
 .debug_macro   0x0000000000014afe      0x3d0 Middlewares/ST/STM32_USB_Device_Library/Class/CDC/Src/usbd_cdc.o
 .debug_macro   0x0000000000014ece       0x97 Middlewares/ST/STM32_USB_Device_Library/Class/CDC/Src/usbd_cdc.o
 .debug_macro   0x0000000000014f65       0xfd Middlewares/ST/STM32_USB_Device_Library/Class/CDC/Src/usbd_cdc.o
 .debug_macro   0x0000000000015062       0xbd Middlewares/ST/STM32_USB_Device_Library/Class/CDC/Src/usbd_cdc.o
 .debug_macro   0x000000000001511f       0x54 Middlewares/ST/STM32_USB_Device_Library/Class/CDC/Src/usbd_cdc.o
 .debug_macro   0x0000000000015173       0x8f Middlewares/ST/STM32_USB_Device_Library/Class/CDC/Src/usbd_cdc.o
 .debug_macro   0x0000000000015202      0x3b7 Middlewares/ST/STM32_USB_Device_Library/Core/Src/usbd_core.o
 .debug_macro   0x00000000000155b9      0x1ce Middlewares/ST/STM32_USB_Device_Library/Core/Src/usbd_core.o
 .debug_macro   0x0000000000015787      0x3c1 Middlewares/ST/STM32_USB_Device_Library/Core/Src/usbd_ctlreq.o
 .debug_macro   0x0000000000015b48      0x3bd Middlewares/ST/STM32_USB_Device_Library/Core/Src/usbd_ioreq.o
 .debug_macro   0x0000000000015f05      0x3f0 USB_DEVICE/App/usb_device.o
 .debug_macro   0x00000000000162f5       0x52 USB_DEVICE/App/usb_device.o
 .debug_macro   0x0000000000016347       0x22 USB_DEVICE/App/usb_device.o
 .debug_macro   0x0000000000016369       0x16 USB_DEVICE/App/usb_device.o
 .debug_macro   0x000000000001637f      0x42f USB_DEVICE/App/usbd_cdc_if.o
 .debug_macro   0x00000000000167ae       0x10 USB_DEVICE/App/usbd_cdc_if.o
 .debug_macro   0x00000000000167be      0x3f4 USB_DEVICE/App/usbd_desc.o
 .debug_macro   0x0000000000016bb2       0x1c USB_DEVICE/App/usbd_desc.o
 .debug_macro   0x0000000000016bce      0x3d4 USB_DEVICE/Target/usbd_conf.o

.debug_line     0x0000000000000000     0xe0db
 .debug_line    0x0000000000000000      0xc2a Core/Src/main.o
 .debug_line    0x0000000000000c2a      0x68c Core/Src/stm32f1xx_hal_msp.o
 .debug_line    0x00000000000012b6      0x71b Core/Src/stm32f1xx_it.o
 .debug_line    0x00000000000019d1      0x696 Core/Src/system_stm32f1xx.o
 .debug_line    0x0000000000002067       0x84 Core/Startup/startup_stm32f103c8tx.o
 .debug_line    0x00000000000020eb      0x83e Drivers/STM32F1xx_HAL_Driver/Src/stm32f1xx_hal.o
 .debug_line    0x0000000000002929      0x917 Drivers/STM32F1xx_HAL_Driver/Src/stm32f1xx_hal_cortex.o
 .debug_line    0x0000000000003240      0x83e Drivers/STM32F1xx_HAL_Driver/Src/stm32f1xx_hal_gpio.o
 .debug_line    0x0000000000003a7e      0xb31 Drivers/STM32F1xx_HAL_Driver/Src/stm32f1xx_hal_pcd.o
 .debug_line    0x00000000000045af      0x6b1 Drivers/STM32F1xx_HAL_Driver/Src/stm32f1xx_hal_pcd_ex.o
 .debug_line    0x0000000000004c60      0x900 Drivers/STM32F1xx_HAL_Driver/Src/stm32f1xx_hal_rcc.o
 .debug_line    0x0000000000005560      0x71e Drivers/STM32F1xx_HAL_Driver/Src/stm32f1xx_hal_rcc_ex.o
 .debug_line    0x0000000000005c7e     0x1704 Drivers/STM32F1xx_HAL_Driver/Src/stm32f1xx_hal_tim.o
 .debug_line    0x0000000000007382      0xc51 Drivers/STM32F1xx_HAL_Driver/Src/stm32f1xx_hal_tim_ex.o
 .debug_line    0x0000000000007fd3      0xb4a Drivers/STM32F1xx_HAL_Driver/Src/stm32f1xx_ll_usb.o
 .debug_line    0x0000000000008b1d      0xb1c Middlewares/ST/STM32_USB_Device_Library/Class/CDC/Src/usbd_cdc.o
 .debug_line    0x0000000000009639      0xb57 Middlewares/ST/STM32_USB_Device_Library/Core/Src/usbd_core.o
 .debug_line    0x000000000000a190      0xbe0 Middlewares/ST/STM32_USB_Device_Library/Core/Src/usbd_ctlreq.o
 .debug_line    0x000000000000ad70      0x9c0 Middlewares/ST/STM32_USB_Device_Library/Core/Src/usbd_ioreq.o
 .debug_line    0x000000000000b730      0x9a2 USB_DEVICE/App/usb_device.o
 .debug_line    0x000000000000c0d2      0xa38 USB_DEVICE/App/usbd_cdc_if.o
 .debug_line    0x000000000000cb0a      0x9f4 USB_DEVICE/App/usbd_desc.o
 .debug_line    0x000000000000d4fe      0xbdd USB_DEVICE/Target/usbd_conf.o

.debug_str      0x0000000000000000    0x74ae7
 .debug_str     0x0000000000000000    0x70a10 Core/Src/main.o
                                      0x70e00 (size before relaxing)
 .debug_str     0x0000000000070a10       0x90 Core/Src/stm32f1xx_hal_msp.o
                                      0x6bc5a (size before relaxing)
 .debug_str     0x0000000000070aa0      0x395 Core/Src/stm32f1xx_it.o
                                      0x6bbfc (size before relaxing)
 .debug_str     0x0000000000070e35       0xc2 Core/Src/system_stm32f1xx.o
                                      0x6b7e2 (size before relaxing)
 .debug_str     0x0000000000070ef7       0x36 Core/Startup/startup_stm32f103c8tx.o
                                         0x96 (size before relaxing)
 .debug_str     0x0000000000070f2d      0x61f Drivers/STM32F1xx_HAL_Driver/Src/stm32f1xx_hal.o
                                      0x6bdf3 (size before relaxing)
 .debug_str     0x000000000007154c      0x2a0 Drivers/STM32F1xx_HAL_Driver/Src/stm32f1xx_hal_cortex.o
                                      0x6be01 (size before relaxing)
 .debug_str     0x00000000000717ec      0x324 Drivers/STM32F1xx_HAL_Driver/Src/stm32f1xx_hal_gpio.o
                                      0x6bb2c (size before relaxing)
 .debug_str     0x0000000000071b10      0x3af Drivers/STM32F1xx_HAL_Driver/Src/stm32f1xx_hal_pcd.o
                                      0x6be13 (size before relaxing)
 .debug_str     0x0000000000071ebf      0x18d Drivers/STM32F1xx_HAL_Driver/Src/stm32f1xx_hal_pcd_ex.o
                                      0x6bbef (size before relaxing)
 .debug_str     0x000000000007204c      0x263 Drivers/STM32F1xx_HAL_Driver/Src/stm32f1xx_hal_rcc.o
                                      0x6bb65 (size before relaxing)
 .debug_str     0x00000000000722af       0xb9 Drivers/STM32F1xx_HAL_Driver/Src/stm32f1xx_hal_rcc_ex.o
                                      0x6b8f2 (size before relaxing)
 .debug_str     0x0000000000072368      0xd74 Drivers/STM32F1xx_HAL_Driver/Src/stm32f1xx_hal_tim.o
                                      0x6c930 (size before relaxing)
 .debug_str     0x00000000000730dc      0x52f Drivers/STM32F1xx_HAL_Driver/Src/stm32f1xx_hal_tim_ex.o
                                      0x6c130 (size before relaxing)
 .debug_str     0x000000000007360b      0x2fe Drivers/STM32F1xx_HAL_Driver/Src/stm32f1xx_ll_usb.o
                                      0x6bc59 (size before relaxing)
 .debug_str     0x0000000000073909      0x8d9 Middlewares/ST/STM32_USB_Device_Library/Class/CDC/Src/usbd_cdc.o
                                      0x71052 (size before relaxing)
 .debug_str     0x00000000000741e2      0x1b5 Middlewares/ST/STM32_USB_Device_Library/Core/Src/usbd_core.o
                                      0x70966 (size before relaxing)
 .debug_str     0x0000000000074397      0x134 Middlewares/ST/STM32_USB_Device_Library/Core/Src/usbd_ctlreq.o
                                      0x708ec (size before relaxing)
 .debug_str     0x00000000000744cb       0xc9 Middlewares/ST/STM32_USB_Device_Library/Core/Src/usbd_ioreq.o
                                      0x70874 (size before relaxing)
 .debug_str     0x0000000000074594      0x118 USB_DEVICE/App/usb_device.o
                                      0x70bdb (size before relaxing)
 .debug_str     0x00000000000746ac       0x8f USB_DEVICE/App/usbd_cdc_if.o
                                      0x70d61 (size before relaxing)
 .debug_str     0x000000000007473b      0x258 USB_DEVICE/App/usbd_desc.o
                                      0x707df (size before relaxing)
 .debug_str     0x0000000000074993      0x154 USB_DEVICE/Target/usbd_conf.o
                                      0x71478 (size before relaxing)

.comment        0x0000000000000000       0x7b
 .comment       0x0000000000000000       0x7b Core/Src/main.o
                                         0x7c (size before relaxing)
 .comment       0x000000000000007b       0x7c Core/Src/stm32f1xx_hal_msp.o
 .comment       0x000000000000007b       0x7c Core/Src/stm32f1xx_it.o
 .comment       0x000000000000007b       0x7c Core/Src/system_stm32f1xx.o
 .comment       0x000000000000007b       0x7c Drivers/STM32F1xx_HAL_Driver/Src/stm32f1xx_hal.o
 .comment       0x000000000000007b       0x7c Drivers/STM32F1xx_HAL_Driver/Src/stm32f1xx_hal_cortex.o
 .comment       0x000000000000007b       0x7c Drivers/STM32F1xx_HAL_Driver/Src/stm32f1xx_hal_gpio.o
 .comment       0x000000000000007b       0x7c Drivers/STM32F1xx_HAL_Driver/Src/stm32f1xx_hal_pcd.o
 .comment       0x000000000000007b       0x7c Drivers/STM32F1xx_HAL_Driver/Src/stm32f1xx_hal_pcd_ex.o
 .comment       0x000000000000007b       0x7c Drivers/STM32F1xx_HAL_Driver/Src/stm32f1xx_hal_rcc.o
 .comment       0x000000000000007b       0x7c Drivers/STM32F1xx_HAL_Driver/Src/stm32f1xx_hal_rcc_ex.o
 .comment       0x000000000000007b       0x7c Drivers/STM32F1xx_HAL_Driver/Src/stm32f1xx_hal_tim.o
 .comment       0x000000000000007b       0x7c Drivers/STM32F1xx_HAL_Driver/Src/stm32f1xx_hal_tim_ex.o
 .comment       0x000000000000007b       0x7c Drivers/STM32F1xx_HAL_Driver/Src/stm32f1xx_ll_usb.o
 .comment       0x000000000000007b       0x7c Middlewares/ST/STM32_USB_Device_Library/Class/CDC/Src/usbd_cdc.o
 .comment       0x000000000000007b       0x7c Middlewares/ST/STM32_USB_Device_Library/Core/Src/usbd_core.o
 .comment       0x000000000000007b       0x7c Middlewares/ST/STM32_USB_Device_Library/Core/Src/usbd_ctlreq.o
 .comment       0x000000000000007b       0x7c Middlewares/ST/STM32_USB_Device_Library/Core/Src/usbd_ioreq.o
 .comment       0x000000000000007b       0x7c USB_DEVICE/App/usb_device.o
 .comment       0x000000000000007b       0x7c USB_DEVICE/App/usbd_cdc_if.o
 .comment       0x000000000000007b       0x7c USB_DEVICE/App/usbd_desc.o
 .comment       0x000000000000007b       0x7c USB_DEVICE/Target/usbd_conf.o

.debug_frame    0x0000000000000000     0x40e0
 .debug_frame   0x0000000000000000      0x2bc Core/Src/main.o
 .debug_frame   0x00000000000002bc       0x88 Core/Src/stm32f1xx_hal_msp.o
 .debug_frame   0x0000000000000344      0x128 Core/Src/stm32f1xx_it.o
 .debug_frame   0x000000000000046c       0x58 Core/Src/system_stm32f1xx.o
 .debug_frame   0x00000000000004c4      0x334 Drivers/STM32F1xx_HAL_Driver/Src/stm32f1xx_hal.o
 .debug_frame   0x00000000000007f8      0x428 Drivers/STM32F1xx_HAL_Driver/Src/stm32f1xx_hal_cortex.o
 .debug_frame   0x0000000000000c20      0x14c Drivers/STM32F1xx_HAL_Driver/Src/stm32f1xx_hal_gpio.o
 .debug_frame   0x0000000000000d6c      0x500 Drivers/STM32F1xx_HAL_Driver/Src/stm32f1xx_hal_pcd.o
 .debug_frame   0x000000000000126c       0xb0 Drivers/STM32F1xx_HAL_Driver/Src/stm32f1xx_hal_pcd_ex.o
 .debug_frame   0x000000000000131c      0x21c Drivers/STM32F1xx_HAL_Driver/Src/stm32f1xx_hal_rcc.o
 .debug_frame   0x0000000000001538       0x84 Drivers/STM32F1xx_HAL_Driver/Src/stm32f1xx_hal_rcc_ex.o
 .debug_frame   0x00000000000015bc     0x10e8 Drivers/STM32F1xx_HAL_Driver/Src/stm32f1xx_hal_tim.o
 .debug_frame   0x00000000000026a4      0x5c0 Drivers/STM32F1xx_HAL_Driver/Src/stm32f1xx_hal_tim_ex.o
 .debug_frame   0x0000000000002c64      0x4d8 Drivers/STM32F1xx_HAL_Driver/Src/stm32f1xx_ll_usb.o
 .debug_frame   0x000000000000313c      0x248 Middlewares/ST/STM32_USB_Device_Library/Class/CDC/Src/usbd_cdc.o
 .debug_frame   0x0000000000003384      0x300 Middlewares/ST/STM32_USB_Device_Library/Core/Src/usbd_core.o
 .debug_frame   0x0000000000003684      0x218 Middlewares/ST/STM32_USB_Device_Library/Core/Src/usbd_ctlreq.o
 .debug_frame   0x000000000000389c      0x10c Middlewares/ST/STM32_USB_Device_Library/Core/Src/usbd_ioreq.o
 .debug_frame   0x00000000000039a8       0x2c USB_DEVICE/App/usb_device.o
 .debug_frame   0x00000000000039d4       0xbc USB_DEVICE/App/usbd_cdc_if.o
 .debug_frame   0x0000000000003a90      0x160 USB_DEVICE/App/usbd_desc.o
 .debug_frame   0x0000000000003bf0      0x4a4 USB_DEVICE/Target/usbd_conf.o
 .debug_frame   0x0000000000004094       0x2c c:/st/stm32cubeide_1.4.0/stm32cubeide/plugins/com.st.stm32cube.ide.mcu.externaltools.gnu-tools-for-stm32.7-2018-q2-update.win32_1.4.0.202007081208/tools/bin/../lib/gcc/arm-none-eabi/7.3.1/../../../../arm-none-eabi/lib/thumb/v7-m\libc_nano.a(lib_a-init.o)
 .debug_frame   0x00000000000040c0       0x20 c:/st/stm32cubeide_1.4.0/stm32cubeide/plugins/com.st.stm32cube.ide.mcu.externaltools.gnu-tools-for-stm32.7-2018-q2-update.win32_1.4.0.202007081208/tools/bin/../lib/gcc/arm-none-eabi/7.3.1/../../../../arm-none-eabi/lib/thumb/v7-m\libc_nano.a(lib_a-memset.o)
