main.c:102:6:delay_us	16	static
main.c:108:6:ready_led	8	static
main.c:124:6:reset_addr	8	static
main.c:133:6:goto_addr	24	static
main.c:145:6:write	24	static
main.c:157:6:write_feram	24	static
main.c:177:6:command_5555	24	static
main.c:192:6:command_2AAA	24	static
main.c:207:6:write_addr	24	static
main.c:228:6:buffer_write	16	static
main.c:240:6:buffer_write_feram	16	static
main.c:252:6:polling	16	static
main.c:269:6:buffering	16	static
main.c:290:6:switch_to_sram	8	static
main.c:306:6:switch_to_flash	8	static
main.c:326:5:main	48	static
main.c:681:6:SystemClock_Config	88	static
main.c:727:13:MX_TIM1_Init	32	static
main.c:773:13:MX_GPIO_Init	40	static
main.c:840:6:Error_Handler	4	static
